[2026-09-18T18:22:33.242Z] Iniciando migration 04-sale | DRY_RUN=true
[2026-09-18T18:22:34.476Z] INCONSISTÊNCIA FINANCEIRA venda=10034 calculado=231.10 ateTotal=1330.00
[2026-09-18T18:22:34.478Z] INCONSISTÊNCIA NOS ITENS venda=10034 calculado=231.10 itemTotalGeral=1330.00
[2026-09-18T18:22:34.549Z] INCONSISTÊNCIA FINANCEIRA venda=10035 calculado=650.00 ateTotal=1250.00
[2026-09-18T18:22:34.550Z] INCONSISTÊNCIA NOS ITENS venda=10035 calculado=650.00 itemTotalGeral=1250.00
[2026-09-18T18:22:34.983Z] INCONSISTÊNCIA FINANCEIRA venda=10041 calculado=800.00 ateTotal=750.00
[2026-09-18T18:22:35.053Z] INCONSISTÊNCIA FINANCEIRA venda=10042 calculado=1911.10 ateTotal=3010.00
[2026-09-18T18:22:35.057Z] INCONSISTÊNCIA NOS ITENS venda=10042 calculado=1911.10 itemTotalGeral=3010.00
[2026-09-18T18:22:35.125Z] INCONSISTÊNCIA FINANCEIRA venda=10043 calculado=321.60 ateTotal=1920.00
[2026-09-18T18:22:35.617Z] INCONSISTÊNCIA FINANCEIRA venda=10051 calculado=201.40 ateTotal=1600.00
[2026-09-18T18:22:35.617Z] INCONSISTÊNCIA NOS ITENS venda=10051 calculado=201.40 itemTotalGeral=381.22
[2026-09-18T18:22:36.710Z] INCONSISTÊNCIA FINANCEIRA venda=10072 calculado=480.00 ateTotal=400.00
[2026-09-18T18:22:36.780Z] INCONSISTÊNCIA FINANCEIRA venda=10073 calculado=291.50 ateTotal=1300.00
[2026-09-18T18:22:36.850Z] INCONSISTÊNCIA FINANCEIRA venda=10074 calculado=1.30 ateTotal=1280.00
[2026-09-18T18:22:36.917Z] INCONSISTÊNCIA FINANCEIRA venda=10075 calculado=940.00 ateTotal=700.00
[2026-09-18T18:22:37.057Z] INCONSISTÊNCIA FINANCEIRA venda=10077 calculado=990.00 ateTotal=900.00
[2026-09-18T18:22:37.125Z] INCONSISTÊNCIA FINANCEIRA venda=10078 calculado=751.30 ateTotal=1630.00
[2026-09-18T18:22:37.196Z] INCONSISTÊNCIA FINANCEIRA venda=10079 calculado=320.00 ateTotal=200.00
[2026-09-18T18:22:37.265Z] INCONSISTÊNCIA FINANCEIRA venda=10080 calculado=830.00 ateTotal=700.00
[2026-09-18T18:22:37.338Z] INCONSISTÊNCIA FINANCEIRA venda=10081 calculado=640.00 ateTotal=500.00
[2026-09-18T18:22:37.408Z] INCONSISTÊNCIA FINANCEIRA venda=10082 calculado=351.30 ateTotal=1300.00
[2026-09-18T18:22:37.477Z] INCONSISTÊNCIA FINANCEIRA venda=10083 calculado=620.00 ateTotal=500.00
[2026-09-18T18:22:37.619Z] INCONSISTÊNCIA FINANCEIRA venda=10085 calculado=650.00 ateTotal=400.00
[2026-09-18T18:22:37.693Z] INCONSISTÊNCIA FINANCEIRA venda=10086 calculado=900.00 ateTotal=800.00
[2026-09-18T18:22:37.762Z] INCONSISTÊNCIA FINANCEIRA venda=10087 calculado=630.00 ateTotal=500.00
[2026-09-18T18:22:37.830Z] INCONSISTÊNCIA FINANCEIRA venda=10088 calculado=880.00 ateTotal=840.00
[2026-09-18T18:22:37.899Z] INCONSISTÊNCIA FINANCEIRA venda=10090 calculado=930.00 ateTotal=900.00
[2026-09-18T18:22:38.037Z] INCONSISTÊNCIA FINANCEIRA venda=10092 calculado=720.00 ateTotal=700.00
[2026-09-18T18:22:38.178Z] INCONSISTÊNCIA FINANCEIRA venda=10094 calculado=332.02 ateTotal=2120.00
[2026-09-18T18:22:38.252Z] INCONSISTÊNCIA FINANCEIRA venda=10095 calculado=990.00 ateTotal=960.00
[2026-09-18T18:22:38.322Z] INCONSISTÊNCIA FINANCEIRA venda=10096 calculado=500.00 ateTotal=370.00
[2026-09-18T18:22:38.466Z] INCONSISTÊNCIA FINANCEIRA venda=10098 calculado=860.00 ateTotal=800.00
[2026-09-18T18:22:38.538Z] INCONSISTÊNCIA FINANCEIRA venda=10099 calculado=914.00 ateTotal=910.00
[2026-09-18T18:22:38.616Z] INCONSISTÊNCIA FINANCEIRA venda=10100 calculado=1946.00 ateTotal=1680.00
[2026-09-18T18:22:38.688Z] INCONSISTÊNCIA FINANCEIRA venda=10101 calculado=550.00 ateTotal=500.00
[2026-09-18T18:22:38.759Z] INCONSISTÊNCIA FINANCEIRA venda=10102 calculado=540.00 ateTotal=300.00
[2026-09-18T18:22:38.831Z] INCONSISTÊNCIA FINANCEIRA venda=10103 calculado=1170.00 ateTotal=990.00
[2026-09-18T18:22:38.970Z] INCONSISTÊNCIA FINANCEIRA venda=10105 calculado=840.00 ateTotal=800.00
[2026-09-18T18:22:39.041Z] INCONSISTÊNCIA FINANCEIRA venda=10106 calculado=830.00 ateTotal=825.00
[2026-09-18T18:22:39.113Z] INCONSISTÊNCIA FINANCEIRA venda=10107 calculado=431.52 ateTotal=1680.00
[2026-09-18T18:22:39.186Z] INCONSISTÊNCIA FINANCEIRA venda=10108 calculado=1151.52 ateTotal=2410.00
[2026-09-18T18:22:39.253Z] INCONSISTÊNCIA FINANCEIRA venda=10109 calculado=2260.00 ateTotal=1530.00
[2026-09-18T18:22:39.558Z] INCONSISTÊNCIA FINANCEIRA venda=10110 calculado=1596.00 ateTotal=1200.00
[2026-09-18T18:22:39.771Z] INCONSISTÊNCIA FINANCEIRA venda=10113 calculado=780.00 ateTotal=720.00
[2026-09-18T18:22:39.909Z] INCONSISTÊNCIA FINANCEIRA venda=10115 calculado=700.00 ateTotal=600.00
[2026-09-18T18:22:39.983Z] INCONSISTÊNCIA FINANCEIRA venda=10118 calculado=950.00 ateTotal=700.00
[2026-09-18T18:22:40.053Z] INCONSISTÊNCIA FINANCEIRA venda=10119 calculado=840.00 ateTotal=810.00
[2026-09-18T18:22:40.142Z] INCONSISTÊNCIA FINANCEIRA venda=10120 calculado=760.00 ateTotal=400.00
[2026-09-18T18:22:40.214Z] INCONSISTÊNCIA FINANCEIRA venda=10121 calculado=1010.00 ateTotal=500.00
[2026-09-18T18:22:40.359Z] INCONSISTÊNCIA FINANCEIRA venda=10123 calculado=810.00 ateTotal=500.00
[2026-09-18T18:22:40.426Z] INCONSISTÊNCIA FINANCEIRA venda=10124 calculado=800.00 ateTotal=600.00
[2026-09-18T18:22:40.499Z] INCONSISTÊNCIA FINANCEIRA venda=10125 calculado=421.40 ateTotal=1685.00
[2026-09-18T18:22:40.572Z] INCONSISTÊNCIA FINANCEIRA venda=10126 calculado=1160.00 ateTotal=980.00
[2026-09-18T18:22:40.639Z] INCONSISTÊNCIA FINANCEIRA venda=10127 calculado=860.00 ateTotal=840.00
[2026-09-18T18:22:40.857Z] INCONSISTÊNCIA FINANCEIRA venda=10130 calculado=371.70 ateTotal=1925.00
[2026-09-18T18:22:40.996Z] INCONSISTÊNCIA FINANCEIRA venda=10132 calculado=892.00 ateTotal=850.00
[2026-09-18T18:22:41.071Z] INCONSISTÊNCIA FINANCEIRA venda=10134 calculado=760.00 ateTotal=500.00
[2026-09-18T18:22:41.210Z] INCONSISTÊNCIA FINANCEIRA venda=10136 calculado=-278.40 ateTotal=1320.00
[2026-09-18T18:22:41.211Z] INCONSISTÊNCIA NOS ITENS venda=10136 calculado=-278.40 itemTotalGeral=1.32
[2026-09-18T18:22:41.362Z] INCONSISTÊNCIA FINANCEIRA venda=10138 calculado=982.00 ateTotal=900.00
[2026-09-18T18:22:41.431Z] INCONSISTÊNCIA FINANCEIRA venda=10139 calculado=1160.00 ateTotal=1015.00
[2026-09-18T18:22:41.499Z] INCONSISTÊNCIA FINANCEIRA venda=10140 calculado=870.00 ateTotal=750.00
[2026-09-18T18:22:41.573Z] INCONSISTÊNCIA FINANCEIRA venda=10141 calculado=980.00 ateTotal=770.00
[2026-09-18T18:22:41.645Z] INCONSISTÊNCIA FINANCEIRA venda=10142 calculado=790.00 ateTotal=750.00
[2026-09-18T18:22:41.714Z] INCONSISTÊNCIA FINANCEIRA venda=10143 calculado=700.00 ateTotal=600.00
[2026-09-18T18:22:41.931Z] INCONSISTÊNCIA FINANCEIRA venda=10146 calculado=1300.00 ateTotal=900.00
[2026-09-18T18:22:42.074Z] INCONSISTÊNCIA FINANCEIRA venda=10148 calculado=520.00 ateTotal=390.00
[2026-09-18T18:22:42.145Z] INCONSISTÊNCIA FINANCEIRA venda=10149 calculado=1000.00 ateTotal=795.00
[2026-09-18T18:22:42.220Z] INCONSISTÊNCIA FINANCEIRA venda=10150 calculado=361.50 ateTotal=1200.00
[2026-09-18T18:22:42.290Z] INCONSISTÊNCIA FINANCEIRA venda=10151 calculado=421.10 ateTotal=1500.00
[2026-09-18T18:22:42.360Z] INCONSISTÊNCIA FINANCEIRA venda=10152 calculado=910.00 ateTotal=840.00
[2026-09-18T18:22:42.432Z] INCONSISTÊNCIA FINANCEIRA venda=10153 calculado=680.00 ateTotal=590.00
[2026-09-18T18:22:42.504Z] INCONSISTÊNCIA FINANCEIRA venda=10154 calculado=970.00 ateTotal=700.00
[2026-09-18T18:22:42.577Z] INCONSISTÊNCIA FINANCEIRA venda=10155 calculado=750.00 ateTotal=700.00
[2026-09-18T18:22:42.648Z] INCONSISTÊNCIA FINANCEIRA venda=10157 calculado=1680.00 ateTotal=1150.00
[2026-09-18T18:22:42.717Z] INCONSISTÊNCIA FINANCEIRA venda=10158 calculado=780.00 ateTotal=750.00
[2026-09-18T18:22:42.791Z] INCONSISTÊNCIA FINANCEIRA venda=10159 calculado=1140.00 ateTotal=960.00
[2026-09-18T18:22:42.863Z] INCONSISTÊNCIA FINANCEIRA venda=10160 calculado=323.45 ateTotal=2200.00
[2026-09-18T18:22:42.934Z] INCONSISTÊNCIA FINANCEIRA venda=10161 calculado=1140.00 ateTotal=960.00
[2026-09-18T18:22:43.005Z] INCONSISTÊNCIA FINANCEIRA venda=10162 calculado=810.00 ateTotal=550.00
[2026-09-18T18:22:43.082Z] INCONSISTÊNCIA FINANCEIRA venda=10163 calculado=790.00 ateTotal=675.00
[2026-09-18T18:22:43.155Z] INCONSISTÊNCIA FINANCEIRA venda=10164 calculado=810.00 ateTotal=500.00
[2026-09-18T18:22:43.233Z] INCONSISTÊNCIA FINANCEIRA venda=10165 calculado=1678.00 ateTotal=1290.00
[2026-09-18T18:22:43.375Z] INCONSISTÊNCIA FINANCEIRA venda=10167 calculado=1740.00 ateTotal=1500.00
[2026-09-18T18:22:43.445Z] INCONSISTÊNCIA FINANCEIRA venda=10168 calculado=900.00 ateTotal=675.00
[2026-09-18T18:22:43.586Z] INCONSISTÊNCIA FINANCEIRA venda=10170 calculado=1200.00 ateTotal=900.00
[2026-09-18T18:22:43.656Z] INCONSISTÊNCIA FINANCEIRA venda=10171 calculado=840.00 ateTotal=410.00
[2026-09-18T18:22:43.728Z] INCONSISTÊNCIA FINANCEIRA venda=10172 calculado=750.00 ateTotal=600.00
[2026-09-18T18:22:44.009Z] INCONSISTÊNCIA FINANCEIRA venda=10178 calculado=1160.00 ateTotal=890.00
[2026-09-18T18:22:44.081Z] INCONSISTÊNCIA FINANCEIRA venda=10179 calculado=400.00 ateTotal=300.00
[2026-09-18T18:22:44.150Z] INCONSISTÊNCIA FINANCEIRA venda=10180 calculado=377.51 ateTotal=1800.00
[2026-09-18T18:22:44.287Z] INCONSISTÊNCIA FINANCEIRA venda=10182 calculado=620.00 ateTotal=600.00
[2026-09-18T18:22:44.358Z] INCONSISTÊNCIA FINANCEIRA venda=10183 calculado=1152.00 ateTotal=1000.00
[2026-09-18T18:22:44.426Z] INCONSISTÊNCIA FINANCEIRA venda=10184 calculado=780.00 ateTotal=690.00
[2026-09-18T18:22:44.497Z] INCONSISTÊNCIA FINANCEIRA venda=10185 calculado=240.00 ateTotal=200.00
[2026-09-18T18:22:44.640Z] INCONSISTÊNCIA FINANCEIRA venda=10187 calculado=1170.00 ateTotal=960.00
[2026-09-18T18:22:44.709Z] INCONSISTÊNCIA FINANCEIRA venda=10189 calculado=980.00 ateTotal=800.00
[2026-09-18T18:22:44.779Z] INCONSISTÊNCIA FINANCEIRA venda=10190 calculado=1260.00 ateTotal=1140.00
[2026-09-18T18:22:44.847Z] INCONSISTÊNCIA FINANCEIRA venda=10191 calculado=770.00 ateTotal=450.00
[2026-09-18T18:22:44.937Z] INCONSISTÊNCIA FINANCEIRA venda=10192 calculado=1510.00 ateTotal=1050.00
[2026-09-18T18:22:45.005Z] INCONSISTÊNCIA FINANCEIRA venda=10193 calculado=450.00 ateTotal=380.00
[2026-09-18T18:22:45.075Z] INCONSISTÊNCIA FINANCEIRA venda=10194 calculado=1730.00 ateTotal=1300.00
[2026-09-18T18:22:45.145Z] INCONSISTÊNCIA FINANCEIRA venda=10195 calculado=750.00 ateTotal=380.00
[2026-09-18T18:22:45.213Z] INCONSISTÊNCIA FINANCEIRA venda=10196 calculado=1820.00 ateTotal=1200.00
[2026-09-18T18:22:45.499Z] INCONSISTÊNCIA FINANCEIRA venda=10200 calculado=1140.00 ateTotal=900.00
[2026-09-18T18:22:45.569Z] INCONSISTÊNCIA FINANCEIRA venda=10201 calculado=1150.00 ateTotal=1120.00
[2026-09-18T18:22:45.670Z] INCONSISTÊNCIA FINANCEIRA venda=10202 calculado=770.00 ateTotal=590.00
[2026-09-18T18:22:45.741Z] INCONSISTÊNCIA FINANCEIRA venda=10203 calculado=391.29 ateTotal=1320.00
[2026-09-18T18:22:45.880Z] INCONSISTÊNCIA FINANCEIRA venda=10205 calculado=810.00 ateTotal=640.00
[2026-09-18T18:22:46.092Z] INCONSISTÊNCIA FINANCEIRA venda=10208 calculado=730.00 ateTotal=600.00
[2026-09-18T18:22:46.166Z] INCONSISTÊNCIA FINANCEIRA venda=10209 calculado=840.00 ateTotal=600.00
[2026-09-18T18:22:46.348Z] INCONSISTÊNCIA FINANCEIRA venda=10211 calculado=-142.86 ateTotal=1000.00
[2026-09-18T18:22:46.349Z] INCONSISTÊNCIA NOS ITENS venda=10211 calculado=-142.86 itemTotalGeral=1.00
[2026-09-18T18:22:46.418Z] INCONSISTÊNCIA FINANCEIRA venda=10212 calculado=990.00 ateTotal=850.00
[2026-09-18T18:22:46.485Z] INCONSISTÊNCIA FINANCEIRA venda=10213 calculado=700.00 ateTotal=480.00
[2026-09-18T18:22:46.771Z] INCONSISTÊNCIA FINANCEIRA venda=10217 calculado=381.14 ateTotal=1000.00
[2026-09-18T18:22:46.978Z] INCONSISTÊNCIA FINANCEIRA venda=10220 calculado=381.14 ateTotal=1200.00
[2026-09-18T18:22:47.051Z] INCONSISTÊNCIA FINANCEIRA venda=10221 calculado=820.00 ateTotal=780.00
[2026-09-18T18:22:47.119Z] INCONSISTÊNCIA FINANCEIRA venda=10222 calculado=1180.00 ateTotal=930.00
[2026-09-18T18:22:47.191Z] INCONSISTÊNCIA FINANCEIRA venda=10223 calculado=1140.00 ateTotal=930.00
[2026-09-18T18:22:47.262Z] INCONSISTÊNCIA FINANCEIRA venda=10225 calculado=810.00 ateTotal=700.00
[2026-09-18T18:22:47.328Z] INCONSISTÊNCIA FINANCEIRA venda=10226 calculado=810.00 ateTotal=500.00
[2026-09-18T18:22:47.415Z] INCONSISTÊNCIA FINANCEIRA venda=10227 calculado=772.00 ateTotal=580.00
[2026-09-18T18:22:47.485Z] INCONSISTÊNCIA FINANCEIRA venda=10228 calculado=710.00 ateTotal=400.00
[2026-09-18T18:22:47.555Z] INCONSISTÊNCIA FINANCEIRA venda=10229 calculado=790.00 ateTotal=450.00
[2026-09-18T18:22:47.630Z] INCONSISTÊNCIA FINANCEIRA venda=10230 calculado=1170.00 ateTotal=870.00
[2026-09-18T18:22:47.704Z] INCONSISTÊNCIA FINANCEIRA venda=10231 calculado=990.00 ateTotal=900.00
[2026-09-18T18:22:47.773Z] INCONSISTÊNCIA FINANCEIRA venda=10232 calculado=870.00 ateTotal=700.00
[2026-09-18T18:22:47.852Z] INCONSISTÊNCIA FINANCEIRA venda=10233 calculado=1460.00 ateTotal=1100.00
[2026-09-18T18:22:47.924Z] INCONSISTÊNCIA FINANCEIRA venda=10234 calculado=1.80 ateTotal=1650.00
[2026-09-18T18:22:47.993Z] INCONSISTÊNCIA FINANCEIRA venda=10235 calculado=870.00 ateTotal=580.00
[2026-09-18T18:22:48.062Z] INCONSISTÊNCIA FINANCEIRA venda=10236 calculado=2060.00 ateTotal=1740.00
[2026-09-18T18:22:48.130Z] INCONSISTÊNCIA FINANCEIRA venda=10237 calculado=450.00 ateTotal=200.00
[2026-09-18T18:22:48.198Z] INCONSISTÊNCIA FINANCEIRA venda=10238 calculado=930.00 ateTotal=520.00
[2026-09-18T18:22:48.267Z] INCONSISTÊNCIA FINANCEIRA venda=10239 calculado=810.00 ateTotal=500.00
[2026-09-18T18:22:48.341Z] INCONSISTÊNCIA FINANCEIRA venda=10240 calculado=800.00 ateTotal=750.00
[2026-09-18T18:22:48.413Z] INCONSISTÊNCIA FINANCEIRA venda=10241 calculado=1160.00 ateTotal=960.00
[2026-09-18T18:22:48.487Z] INCONSISTÊNCIA FINANCEIRA venda=10242 calculado=820.00 ateTotal=740.00
[2026-09-18T18:22:48.557Z] INCONSISTÊNCIA FINANCEIRA venda=10243 calculado=860.00 ateTotal=500.00
[2026-09-18T18:22:48.629Z] INCONSISTÊNCIA FINANCEIRA venda=10244 calculado=361.40 ateTotal=1680.00
[2026-09-18T18:22:48.700Z] INCONSISTÊNCIA FINANCEIRA venda=10245 calculado=764.00 ateTotal=660.00
[2026-09-18T18:22:48.834Z] INCONSISTÊNCIA FINANCEIRA venda=10246 calculado=1220.00 ateTotal=840.00
[2026-09-18T18:22:48.906Z] INCONSISTÊNCIA FINANCEIRA venda=10247 calculado=361.10 ateTotal=1350.00
[2026-09-18T18:22:48.974Z] INCONSISTÊNCIA FINANCEIRA venda=10248 calculado=810.00 ateTotal=680.00
[2026-09-18T18:22:49.046Z] INCONSISTÊNCIA FINANCEIRA venda=10249 calculado=1231.40 ateTotal=2580.00
[2026-09-18T18:22:49.117Z] INCONSISTÊNCIA FINANCEIRA venda=10250 calculado=1010.00 ateTotal=780.00
[2026-09-18T18:22:49.185Z] INCONSISTÊNCIA FINANCEIRA venda=10251 calculado=350.00 ateTotal=250.00
[2026-09-18T18:22:49.251Z] INCONSISTÊNCIA FINANCEIRA venda=10252 calculado=1260.00 ateTotal=1020.00
[2026-09-18T18:22:49.319Z] INCONSISTÊNCIA FINANCEIRA venda=10253 calculado=990.00 ateTotal=800.00
[2026-09-18T18:22:49.390Z] INCONSISTÊNCIA FINANCEIRA venda=10254 calculado=840.00 ateTotal=600.00
[2026-09-18T18:22:49.458Z] INCONSISTÊNCIA FINANCEIRA venda=10255 calculado=380.00 ateTotal=350.00
[2026-09-18T18:22:49.599Z] INCONSISTÊNCIA FINANCEIRA venda=10257 calculado=940.00 ateTotal=935.00
[2026-09-18T18:22:49.743Z] INCONSISTÊNCIA FINANCEIRA venda=10259 calculado=970.00 ateTotal=800.00
[2026-09-18T18:22:49.815Z] INCONSISTÊNCIA FINANCEIRA venda=10260 calculado=360.00 ateTotal=270.00
[2026-09-18T18:22:49.919Z] INCONSISTÊNCIA FINANCEIRA venda=10261 calculado=2270.00 ateTotal=1100.00
[2026-09-18T18:22:49.988Z] INCONSISTÊNCIA FINANCEIRA venda=10262 calculado=760.00 ateTotal=550.00
[2026-09-18T18:22:50.069Z] INCONSISTÊNCIA FINANCEIRA venda=10263 calculado=690.00 ateTotal=450.00
[2026-09-18T18:22:50.139Z] INCONSISTÊNCIA FINANCEIRA venda=10264 calculado=1190.00 ateTotal=1155.00
[2026-09-18T18:22:50.209Z] INCONSISTÊNCIA FINANCEIRA venda=10265 calculado=1310.00 ateTotal=924.00
[2026-09-18T18:22:50.280Z] INCONSISTÊNCIA FINANCEIRA venda=10266 calculado=910.00 ateTotal=700.00
[2026-09-18T18:22:50.348Z] INCONSISTÊNCIA FINANCEIRA venda=10267 calculado=760.00 ateTotal=700.00
[2026-09-18T18:22:50.417Z] INCONSISTÊNCIA FINANCEIRA venda=10268 calculado=600.00 ateTotal=450.00
[2026-09-18T18:22:50.487Z] INCONSISTÊNCIA FINANCEIRA venda=10269 calculado=810.00 ateTotal=660.00
[2026-09-18T18:22:50.562Z] INCONSISTÊNCIA FINANCEIRA venda=10270 calculado=1370.00 ateTotal=1340.00
[2026-09-18T18:22:50.630Z] INCONSISTÊNCIA FINANCEIRA venda=10271 calculado=940.00 ateTotal=845.00
[2026-09-18T18:22:50.697Z] INCONSISTÊNCIA FINANCEIRA venda=10272 calculado=760.00 ateTotal=500.00
[2026-09-18T18:22:50.764Z] INCONSISTÊNCIA FINANCEIRA venda=10273 calculado=1322.00 ateTotal=1110.00
[2026-09-18T18:22:50.831Z] INCONSISTÊNCIA FINANCEIRA venda=10274 calculado=1250.00 ateTotal=1200.00
[2026-09-18T18:22:50.898Z] INCONSISTÊNCIA FINANCEIRA venda=10275 calculado=2330.00 ateTotal=2295.00
[2026-09-18T18:22:50.964Z] INCONSISTÊNCIA FINANCEIRA venda=10276 calculado=960.00 ateTotal=900.00
[2026-09-18T18:22:51.034Z] INCONSISTÊNCIA FINANCEIRA venda=10277 calculado=360.00 ateTotal=270.00
[2026-09-18T18:22:51.101Z] INCONSISTÊNCIA FINANCEIRA venda=10278 calculado=290.00 ateTotal=250.00
[2026-09-18T18:22:51.172Z] INCONSISTÊNCIA FINANCEIRA venda=10279 calculado=1822.00 ateTotal=1300.00
[2026-09-18T18:22:51.239Z] INCONSISTÊNCIA FINANCEIRA venda=10280 calculado=1190.00 ateTotal=1170.00
[2026-09-18T18:22:51.306Z] INCONSISTÊNCIA FINANCEIRA venda=10281 calculado=1010.00 ateTotal=500.00
[2026-09-18T18:22:51.379Z] INCONSISTÊNCIA FINANCEIRA venda=10283 calculado=760.00 ateTotal=500.00
[2026-09-18T18:22:51.448Z] INCONSISTÊNCIA FINANCEIRA venda=10284 calculado=830.00 ateTotal=810.00
[2026-09-18T18:22:51.548Z] INCONSISTÊNCIA FINANCEIRA venda=10285 calculado=1370.00 ateTotal=1300.00
[2026-09-18T18:22:51.620Z] INCONSISTÊNCIA FINANCEIRA venda=10286 calculado=754.21 ateTotal=2640.00
[2026-09-18T18:22:51.688Z] INCONSISTÊNCIA FINANCEIRA venda=10287 calculado=200.00 ateTotal=100.00
[2026-09-18T18:22:51.758Z] INCONSISTÊNCIA FINANCEIRA venda=10288 calculado=990.00 ateTotal=945.00
[2026-09-18T18:22:51.899Z] INCONSISTÊNCIA FINANCEIRA venda=10290 calculado=1.20 ateTotal=850.00
[2026-09-18T18:22:51.972Z] INCONSISTÊNCIA FINANCEIRA venda=10291 calculado=660.00 ateTotal=550.00
[2026-09-18T18:22:52.044Z] INCONSISTÊNCIA FINANCEIRA venda=10292 calculado=870.00 ateTotal=840.00
[2026-09-18T18:22:52.114Z] INCONSISTÊNCIA FINANCEIRA venda=10293 calculado=810.00 ateTotal=660.00
[2026-09-18T18:22:52.190Z] INCONSISTÊNCIA FINANCEIRA venda=10294 calculado=690.00 ateTotal=675.00
[2026-09-18T18:22:52.332Z] INCONSISTÊNCIA FINANCEIRA venda=10296 calculado=960.00 ateTotal=780.00
[2026-09-18T18:22:52.400Z] INCONSISTÊNCIA FINANCEIRA venda=10297 calculado=910.00 ateTotal=800.00
[2026-09-18T18:22:52.468Z] INCONSISTÊNCIA FINANCEIRA venda=10298 calculado=500.00 ateTotal=360.00
[2026-09-18T18:22:52.537Z] INCONSISTÊNCIA FINANCEIRA venda=10299 calculado=400.00 ateTotal=390.00
[2026-09-18T18:22:52.671Z] INCONSISTÊNCIA FINANCEIRA venda=10301 calculado=550.00 ateTotal=500.00
[2026-09-18T18:22:52.806Z] INCONSISTÊNCIA FINANCEIRA venda=10303 calculado=652.00 ateTotal=450.00
[2026-09-18T18:22:52.875Z] INCONSISTÊNCIA FINANCEIRA venda=10304 calculado=972.00 ateTotal=880.00
[2026-09-18T18:22:52.946Z] INCONSISTÊNCIA FINANCEIRA venda=10305 calculado=720.00 ateTotal=580.00
[2026-09-18T18:22:53.292Z] INCONSISTÊNCIA FINANCEIRA venda=10311 calculado=1470.00 ateTotal=990.00
[2026-09-18T18:22:53.361Z] INCONSISTÊNCIA FINANCEIRA venda=10312 calculado=970.00 ateTotal=750.00
[2026-09-18T18:22:53.434Z] INCONSISTÊNCIA FINANCEIRA venda=10313 calculado=960.00 ateTotal=900.00
[2026-09-18T18:22:53.509Z] INCONSISTÊNCIA FINANCEIRA venda=10314 calculado=810.00 ateTotal=600.00
[2026-09-18T18:22:53.718Z] INCONSISTÊNCIA FINANCEIRA venda=10317 calculado=890.00 ateTotal=810.00
[2026-09-18T18:22:53.786Z] INCONSISTÊNCIA FINANCEIRA venda=10318 calculado=910.00 ateTotal=750.00
[2026-09-18T18:22:53.855Z] INCONSISTÊNCIA FINANCEIRA venda=10319 calculado=960.00 ateTotal=810.00
[2026-09-18T18:22:53.997Z] INCONSISTÊNCIA FINANCEIRA venda=10321 calculado=952.00 ateTotal=850.00
[2026-09-18T18:22:54.066Z] INCONSISTÊNCIA FINANCEIRA venda=10322 calculado=1040.00 ateTotal=700.00
[2026-09-18T18:22:54.139Z] INCONSISTÊNCIA FINANCEIRA venda=10323 calculado=510.00 ateTotal=350.00
[2026-09-18T18:22:54.208Z] INCONSISTÊNCIA FINANCEIRA venda=10324 calculado=890.00 ateTotal=500.00
[2026-09-18T18:22:54.484Z] INCONSISTÊNCIA FINANCEIRA venda=10328 calculado=930.00 ateTotal=900.00
[2026-09-18T18:22:54.553Z] INCONSISTÊNCIA FINANCEIRA venda=10329 calculado=1.10 ateTotal=1100.00
[2026-09-18T18:22:54.628Z] INCONSISTÊNCIA FINANCEIRA venda=10330 calculado=910.00 ateTotal=680.00
[2026-09-18T18:22:54.697Z] INCONSISTÊNCIA FINANCEIRA venda=10331 calculado=710.00 ateTotal=660.00
[2026-09-18T18:22:54.777Z] INCONSISTÊNCIA FINANCEIRA venda=10332 calculado=1260.00 ateTotal=922.00
[2026-09-18T18:22:54.847Z] INCONSISTÊNCIA FINANCEIRA venda=10333 calculado=964.00 ateTotal=900.00
[2026-09-18T18:22:54.916Z] INCONSISTÊNCIA FINANCEIRA venda=10334 calculado=670.00 ateTotal=620.00
[2026-09-18T18:22:54.983Z] INCONSISTÊNCIA FINANCEIRA venda=10335 calculado=480.00 ateTotal=230.00
[2026-09-18T18:22:55.052Z] INCONSISTÊNCIA FINANCEIRA venda=10336 calculado=710.00 ateTotal=450.00
[2026-09-18T18:22:55.168Z] INCONSISTÊNCIA FINANCEIRA venda=10337 calculado=910.00 ateTotal=700.00
[2026-09-18T18:22:55.287Z] INCONSISTÊNCIA FINANCEIRA venda=10338 calculado=390.00 ateTotal=340.00
[2026-09-18T18:22:55.391Z] INCONSISTÊNCIA FINANCEIRA venda=10339 calculado=372.00 ateTotal=325.00
[2026-09-18T18:22:55.544Z] INCONSISTÊNCIA FINANCEIRA venda=10340 calculado=1340.00 ateTotal=1300.00
[2026-09-18T18:22:55.669Z] INCONSISTÊNCIA FINANCEIRA venda=10341 calculado=400.00 ateTotal=300.00
[2026-09-18T18:22:55.817Z] INCONSISTÊNCIA FINANCEIRA venda=10342 calculado=480.00 ateTotal=230.00
[2026-09-18T18:22:55.945Z] INCONSISTÊNCIA FINANCEIRA venda=10343 calculado=360.00 ateTotal=200.00
[2026-09-18T18:22:56.055Z] INCONSISTÊNCIA FINANCEIRA venda=10344 calculado=770.00 ateTotal=680.00
[2026-09-18T18:22:56.165Z] INCONSISTÊNCIA FINANCEIRA venda=10345 calculado=980.00 ateTotal=900.00
[2026-09-18T18:22:56.325Z] INCONSISTÊNCIA FINANCEIRA venda=10346 calculado=680.00 ateTotal=500.00
[2026-09-18T18:22:56.425Z] INCONSISTÊNCIA FINANCEIRA venda=10347 calculado=550.00 ateTotal=400.00
[2026-09-18T18:22:56.509Z] INCONSISTÊNCIA FINANCEIRA venda=10348 calculado=890.00 ateTotal=700.00
[2026-09-18T18:22:56.596Z] INCONSISTÊNCIA FINANCEIRA venda=10349 calculado=500.00 ateTotal=155.00
[2026-09-18T18:22:56.684Z] INCONSISTÊNCIA FINANCEIRA venda=10350 calculado=950.00 ateTotal=650.00
[2026-09-18T18:22:56.768Z] INCONSISTÊNCIA FINANCEIRA venda=10351 calculado=780.00 ateTotal=700.00
[2026-09-18T18:22:56.852Z] INCONSISTÊNCIA FINANCEIRA venda=10352 calculado=321.25 ateTotal=1440.00
[2026-09-18T18:22:56.936Z] INCONSISTÊNCIA FINANCEIRA venda=10353 calculado=910.00 ateTotal=780.00
[2026-09-18T18:22:57.021Z] INCONSISTÊNCIA FINANCEIRA venda=10354 calculado=300.00 ateTotal=200.00
[2026-09-18T18:22:57.108Z] INCONSISTÊNCIA FINANCEIRA venda=10356 calculado=1310.00 ateTotal=1200.00
[2026-09-18T18:22:57.191Z] INCONSISTÊNCIA FINANCEIRA venda=10357 calculado=370.00 ateTotal=240.00
[2026-09-18T18:22:57.278Z] INCONSISTÊNCIA FINANCEIRA venda=10358 calculado=980.00 ateTotal=900.00
[2026-09-18T18:22:57.363Z] INCONSISTÊNCIA FINANCEIRA venda=10359 calculado=980.00 ateTotal=750.00
[2026-09-18T18:22:57.447Z] INCONSISTÊNCIA FINANCEIRA venda=10360 calculado=710.00 ateTotal=675.00
[2026-09-18T18:22:57.535Z] INCONSISTÊNCIA FINANCEIRA venda=10361 calculado=380.00 ateTotal=340.00
[2026-09-18T18:22:57.618Z] INCONSISTÊNCIA FINANCEIRA venda=10362 calculado=450.00 ateTotal=300.00
[2026-09-18T18:22:57.704Z] INCONSISTÊNCIA FINANCEIRA venda=10363 calculado=660.00 ateTotal=500.00
[2026-09-18T18:22:57.788Z] INCONSISTÊNCIA FINANCEIRA venda=10364 calculado=500.00 ateTotal=300.00
[2026-09-18T18:22:57.873Z] INCONSISTÊNCIA FINANCEIRA venda=10367 calculado=1660.00 ateTotal=1152.00
[2026-09-18T18:22:57.958Z] INCONSISTÊNCIA FINANCEIRA venda=10368 calculado=650.00 ateTotal=640.00
[2026-09-18T18:22:58.066Z] INCONSISTÊNCIA FINANCEIRA venda=10369 calculado=1222.00 ateTotal=900.00
[2026-09-18T18:22:58.149Z] INCONSISTÊNCIA FINANCEIRA venda=10370 calculado=750.00 ateTotal=500.00
[2026-09-18T18:22:58.236Z] INCONSISTÊNCIA FINANCEIRA venda=10371 calculado=960.00 ateTotal=900.00
[2026-09-18T18:22:58.321Z] INCONSISTÊNCIA FINANCEIRA venda=10372 calculado=580.00 ateTotal=375.00
[2026-09-18T18:22:58.486Z] INCONSISTÊNCIA FINANCEIRA venda=10374 calculado=960.00 ateTotal=800.00
[2026-09-18T18:22:58.653Z] INCONSISTÊNCIA FINANCEIRA venda=10376 calculado=960.00 ateTotal=800.00
[2026-09-18T18:22:58.740Z] INCONSISTÊNCIA FINANCEIRA venda=10377 calculado=1040.00 ateTotal=990.00
[2026-09-18T18:22:58.857Z] INCONSISTÊNCIA FINANCEIRA venda=10378 calculado=900.00 ateTotal=550.00
[2026-09-18T18:22:59.046Z] INCONSISTÊNCIA FINANCEIRA venda=10380 calculado=1480.00 ateTotal=1000.00
[2026-09-18T18:22:59.128Z] INCONSISTÊNCIA FINANCEIRA venda=10381 calculado=1090.00 ateTotal=872.00
[2026-09-18T18:22:59.216Z] INCONSISTÊNCIA FINANCEIRA venda=10382 calculado=1660.00 ateTotal=1380.00
[2026-09-18T18:22:59.298Z] INCONSISTÊNCIA FINANCEIRA venda=10383 calculado=2140.00 ateTotal=1500.00
[2026-09-18T18:22:59.507Z] INCONSISTÊNCIA FINANCEIRA venda=10385 calculado=1050.00 ateTotal=900.00
[2026-09-18T18:22:59.592Z] INCONSISTÊNCIA FINANCEIRA venda=10386 calculado=365.10 ateTotal=1332.00
[2026-09-18T18:23:00.127Z] INCONSISTÊNCIA FINANCEIRA venda=10391 calculado=872.00 ateTotal=500.00
[2026-09-18T18:23:00.209Z] INCONSISTÊNCIA FINANCEIRA venda=10392 calculado=350.00 ateTotal=200.00
[2026-09-18T18:23:00.293Z] INCONSISTÊNCIA FINANCEIRA venda=10393 calculado=970.00 ateTotal=600.00
[2026-09-18T18:23:00.382Z] INCONSISTÊNCIA FINANCEIRA venda=10394 calculado=500.00 ateTotal=450.00
[2026-09-18T18:23:00.470Z] INCONSISTÊNCIA FINANCEIRA venda=10395 calculado=760.00 ateTotal=600.00
[2026-09-18T18:23:00.566Z] INCONSISTÊNCIA FINANCEIRA venda=10396 calculado=850.00 ateTotal=530.00
[2026-09-18T18:23:00.739Z] INCONSISTÊNCIA FINANCEIRA venda=10398 calculado=960.00 ateTotal=600.00
[2026-09-18T18:23:00.824Z] INCONSISTÊNCIA FINANCEIRA venda=10399 calculado=450.01 ateTotal=200.00
[2026-09-18T18:23:00.908Z] INCONSISTÊNCIA FINANCEIRA venda=10400 calculado=1090.01 ateTotal=200.00
[2026-09-18T18:23:00.994Z] INCONSISTÊNCIA FINANCEIRA venda=10401 calculado=850.00 ateTotal=600.00
[2026-09-18T18:23:01.093Z] INCONSISTÊNCIA FINANCEIRA venda=10403 calculado=882.00 ateTotal=810.00
[2026-09-18T18:23:01.180Z] INCONSISTÊNCIA FINANCEIRA venda=10404 calculado=960.00 ateTotal=850.00
[2026-09-18T18:23:01.268Z] INCONSISTÊNCIA FINANCEIRA venda=10405 calculado=1290.00 ateTotal=900.00
[2026-09-18T18:23:01.363Z] INCONSISTÊNCIA FINANCEIRA venda=10406 calculado=740.00 ateTotal=700.00
[2026-09-18T18:23:01.708Z] INCONSISTÊNCIA FINANCEIRA venda=10410 calculado=780.00 ateTotal=700.00
[2026-09-18T18:23:01.799Z] INCONSISTÊNCIA FINANCEIRA venda=10411 calculado=820.00 ateTotal=750.00
[2026-09-18T18:23:01.887Z] INCONSISTÊNCIA FINANCEIRA venda=10412 calculado=910.00 ateTotal=780.00
[2026-09-18T18:23:01.978Z] INCONSISTÊNCIA FINANCEIRA venda=10413 calculado=160.00 ateTotal=100.00
[2026-09-18T18:23:02.063Z] INCONSISTÊNCIA FINANCEIRA venda=10414 calculado=860.00 ateTotal=550.00
[2026-09-18T18:23:02.152Z] INCONSISTÊNCIA FINANCEIRA venda=10415 calculado=620.00 ateTotal=300.00
[2026-09-18T18:23:02.239Z] INCONSISTÊNCIA FINANCEIRA venda=10416 calculado=860.00 ateTotal=750.00
[2026-09-18T18:23:02.324Z] INCONSISTÊNCIA FINANCEIRA venda=10417 calculado=381.80 ateTotal=1650.00
[2026-09-18T18:23:02.411Z] INCONSISTÊNCIA FINANCEIRA venda=10418 calculado=900.00 ateTotal=0.01
[2026-09-18T18:23:02.495Z] INCONSISTÊNCIA FINANCEIRA venda=10419 calculado=850.00 ateTotal=700.00
[2026-09-18T18:23:02.662Z] INCONSISTÊNCIA FINANCEIRA venda=10421 calculado=640.00 ateTotal=450.00
[2026-09-18T18:23:02.747Z] INCONSISTÊNCIA FINANCEIRA venda=10422 calculado=1444.00 ateTotal=1440.00
[2026-09-18T18:23:02.833Z] INCONSISTÊNCIA FINANCEIRA venda=10423 calculado=950.00 ateTotal=700.00
[2026-09-18T18:23:02.927Z] INCONSISTÊNCIA FINANCEIRA venda=10424 calculado=1040.00 ateTotal=680.00
[2026-09-18T18:23:03.041Z] INCONSISTÊNCIA FINANCEIRA venda=10425 calculado=890.00 ateTotal=780.00
[2026-09-18T18:23:03.226Z] INCONSISTÊNCIA FINANCEIRA venda=10427 calculado=870.00 ateTotal=600.00
[2026-09-18T18:23:03.316Z] INCONSISTÊNCIA FINANCEIRA venda=10428 calculado=814.00 ateTotal=600.00
[2026-09-18T18:23:03.402Z] INCONSISTÊNCIA FINANCEIRA venda=10430 calculado=990.00 ateTotal=875.00
[2026-09-18T18:23:03.486Z] INCONSISTÊNCIA FINANCEIRA venda=10431 calculado=1240.00 ateTotal=1200.00
[2026-09-18T18:23:03.572Z] INCONSISTÊNCIA FINANCEIRA venda=10432 calculado=1072.00 ateTotal=800.00
[2026-09-18T18:23:03.657Z] INCONSISTÊNCIA FINANCEIRA venda=10433 calculado=810.00 ateTotal=600.00
[2026-09-18T18:23:03.742Z] INCONSISTÊNCIA FINANCEIRA venda=10434 calculado=990.00 ateTotal=600.00
[2026-09-18T18:23:03.826Z] INCONSISTÊNCIA FINANCEIRA venda=10435 calculado=391.40 ateTotal=1300.00
[2026-09-18T18:23:03.976Z] INCONSISTÊNCIA FINANCEIRA venda=10436 calculado=400.00 ateTotal=390.00
[2026-09-18T18:23:04.065Z] INCONSISTÊNCIA FINANCEIRA venda=10437 calculado=341.40 ateTotal=1120.20
[2026-09-18T18:23:04.152Z] INCONSISTÊNCIA FINANCEIRA venda=10438 calculado=473.94 ateTotal=1800.00
[2026-09-18T18:23:04.236Z] INCONSISTÊNCIA FINANCEIRA venda=10439 calculado=1.40 ateTotal=1330.00
[2026-09-18T18:23:04.326Z] INCONSISTÊNCIA FINANCEIRA venda=10440 calculado=373.10 ateTotal=1000.00
[2026-09-18T18:23:04.435Z] INCONSISTÊNCIA FINANCEIRA venda=10441 calculado=1840.00 ateTotal=1720.00
[2026-09-18T18:23:04.522Z] INCONSISTÊNCIA FINANCEIRA venda=10442 calculado=700.00 ateTotal=480.00
[2026-09-18T18:23:04.616Z] INCONSISTÊNCIA FINANCEIRA venda=10443 calculado=870.00 ateTotal=550.00
[2026-09-18T18:23:04.700Z] INCONSISTÊNCIA FINANCEIRA venda=10444 calculado=870.00 ateTotal=550.00
[2026-09-18T18:23:04.893Z] INCONSISTÊNCIA FINANCEIRA venda=10446 calculado=940.00 ateTotal=900.00
[2026-09-18T18:23:04.977Z] INCONSISTÊNCIA FINANCEIRA venda=10447 calculado=840.00 ateTotal=800.00
[2026-09-18T18:23:05.059Z] INCONSISTÊNCIA FINANCEIRA venda=10448 calculado=960.00 ateTotal=800.00
[2026-09-18T18:23:05.144Z] INCONSISTÊNCIA FINANCEIRA venda=10449 calculado=1.60 ateTotal=1548.00
[2026-09-18T18:23:05.333Z] INCONSISTÊNCIA FINANCEIRA venda=10451 calculado=510.00 ateTotal=300.00
[2026-09-18T18:23:05.420Z] INCONSISTÊNCIA FINANCEIRA venda=10452 calculado=302.40 ateTotal=1600.00
[2026-09-18T18:23:05.589Z] INCONSISTÊNCIA FINANCEIRA venda=10454 calculado=890.00 ateTotal=650.00
[2026-09-18T18:23:05.678Z] INCONSISTÊNCIA FINANCEIRA venda=10456 calculado=1350.00 ateTotal=1200.00
[2026-09-18T18:23:05.765Z] INCONSISTÊNCIA FINANCEIRA venda=10457 calculado=1670.00 ateTotal=1110.00
[2026-09-18T18:23:05.851Z] INCONSISTÊNCIA FINANCEIRA venda=10458 calculado=840.00 ateTotal=725.00
[2026-09-18T18:23:05.936Z] INCONSISTÊNCIA FINANCEIRA venda=10459 calculado=840.00 ateTotal=500.00
[2026-09-18T18:23:06.023Z] INCONSISTÊNCIA FINANCEIRA venda=10460 calculado=990.00 ateTotal=690.00
[2026-09-18T18:23:06.108Z] INCONSISTÊNCIA FINANCEIRA venda=10461 calculado=940.00 ateTotal=900.00
[2026-09-18T18:23:06.192Z] INCONSISTÊNCIA FINANCEIRA venda=10462 calculado=366.00 ateTotal=1650.00
[2026-09-18T18:23:06.281Z] INCONSISTÊNCIA FINANCEIRA venda=10463 calculado=990.00 ateTotal=780.00
[2026-09-18T18:23:06.375Z] INCONSISTÊNCIA FINANCEIRA venda=10464 calculado=990.00 ateTotal=900.00
[2026-09-18T18:23:06.542Z] INCONSISTÊNCIA FINANCEIRA venda=10466 calculado=1160.00 ateTotal=1110.00
[2026-09-18T18:23:06.710Z] INCONSISTÊNCIA FINANCEIRA venda=10468 calculado=960.00 ateTotal=750.00
[2026-09-18T18:23:06.796Z] INCONSISTÊNCIA FINANCEIRA venda=10469 calculado=200.00 ateTotal=120.00
[2026-09-18T18:23:06.879Z] INCONSISTÊNCIA FINANCEIRA venda=10470 calculado=1000.00 ateTotal=960.00
[2026-09-18T18:23:06.960Z] INCONSISTÊNCIA FINANCEIRA venda=10471 calculado=-898.30 ateTotal=800.00
[2026-09-18T18:23:06.963Z] INCONSISTÊNCIA NOS ITENS venda=10471 calculado=-898.30 itemTotalGeral=800.00
[2026-09-18T18:23:07.065Z] INCONSISTÊNCIA FINANCEIRA venda=10472 calculado=590.00 ateTotal=400.00
[2026-09-18T18:23:07.150Z] INCONSISTÊNCIA FINANCEIRA venda=10473 calculado=930.00 ateTotal=850.00
[2026-09-18T18:23:07.398Z] INCONSISTÊNCIA FINANCEIRA venda=10476 calculado=1120.00 ateTotal=1100.00
[2026-09-18T18:23:07.504Z] INCONSISTÊNCIA FINANCEIRA venda=10477 calculado=1816.00 ateTotal=1200.00
[2026-09-18T18:23:07.589Z] INCONSISTÊNCIA FINANCEIRA venda=10478 calculado=920.00 ateTotal=700.00
[2026-09-18T18:23:07.681Z] INCONSISTÊNCIA FINANCEIRA venda=10479 calculado=860.00 ateTotal=440.00
[2026-09-18T18:23:07.769Z] INCONSISTÊNCIA FINANCEIRA venda=10480 calculado=400.00 ateTotal=330.00
[2026-09-18T18:23:07.853Z] INCONSISTÊNCIA FINANCEIRA venda=10481 calculado=340.00 ateTotal=270.00
[2026-09-18T18:23:07.939Z] INCONSISTÊNCIA FINANCEIRA venda=10482 calculado=1414.00 ateTotal=1380.00
[2026-09-18T18:23:08.022Z] INCONSISTÊNCIA FINANCEIRA venda=10483 calculado=1.20 ateTotal=900.00
[2026-09-18T18:23:08.107Z] INCONSISTÊNCIA FINANCEIRA venda=10484 calculado=1000.00 ateTotal=880.00
[2026-09-18T18:23:08.193Z] INCONSISTÊNCIA FINANCEIRA venda=10485 calculado=890.00 ateTotal=840.00
[2026-09-18T18:23:08.278Z] INCONSISTÊNCIA FINANCEIRA venda=10486 calculado=830.00 ateTotal=650.00
[2026-09-18T18:23:08.443Z] INCONSISTÊNCIA FINANCEIRA venda=10488 calculado=800.00 ateTotal=400.00
[2026-09-18T18:23:08.529Z] INCONSISTÊNCIA FINANCEIRA venda=10489 calculado=1260.00 ateTotal=1200.00
[2026-09-18T18:23:08.615Z] INCONSISTÊNCIA FINANCEIRA venda=10490 calculado=710.00 ateTotal=590.00
[2026-09-18T18:23:08.780Z] INCONSISTÊNCIA FINANCEIRA venda=10492 calculado=500.00 ateTotal=350.00
[2026-09-18T18:23:08.865Z] INCONSISTÊNCIA FINANCEIRA venda=10493 calculado=960.00 ateTotal=900.00
[2026-09-18T18:23:09.113Z] INCONSISTÊNCIA FINANCEIRA venda=10496 calculado=870.00 ateTotal=675.00
[2026-09-18T18:23:09.196Z] INCONSISTÊNCIA FINANCEIRA venda=10497 calculado=1310.00 ateTotal=1300.00
[2026-09-18T18:23:09.438Z] INCONSISTÊNCIA FINANCEIRA venda=10500 calculado=900.00 ateTotal=850.00
[2026-09-18T18:23:09.607Z] INCONSISTÊNCIA FINANCEIRA venda=10502 calculado=901.20 ateTotal=1440.00
[2026-09-18T18:23:09.691Z] INCONSISTÊNCIA FINANCEIRA venda=10503 calculado=990.00 ateTotal=800.00
[2026-09-18T18:23:09.774Z] INCONSISTÊNCIA FINANCEIRA venda=10504 calculado=1820.00 ateTotal=1795.00
[2026-09-18T18:23:09.858Z] INCONSISTÊNCIA FINANCEIRA venda=10505 calculado=1140.00 ateTotal=700.00
[2026-09-18T18:23:10.023Z] INCONSISTÊNCIA FINANCEIRA venda=10507 calculado=960.00 ateTotal=750.00
[2026-09-18T18:23:10.105Z] INCONSISTÊNCIA FINANCEIRA venda=10508 calculado=740.00 ateTotal=720.00
[2026-09-18T18:23:10.190Z] INCONSISTÊNCIA FINANCEIRA venda=10509 calculado=750.00 ateTotal=640.00
[2026-09-18T18:23:10.273Z] INCONSISTÊNCIA FINANCEIRA venda=10510 calculado=920.00 ateTotal=500.00
[2026-09-18T18:23:10.356Z] INCONSISTÊNCIA FINANCEIRA venda=10511 calculado=950.00 ateTotal=900.00
[2026-09-18T18:23:10.439Z] INCONSISTÊNCIA FINANCEIRA venda=10513 calculado=822.61 ateTotal=2892.00
[2026-09-18T18:23:10.522Z] INCONSISTÊNCIA FINANCEIRA venda=10514 calculado=950.00 ateTotal=900.00
[2026-09-18T18:23:10.605Z] INCONSISTÊNCIA FINANCEIRA venda=10515 calculado=810.00 ateTotal=440.00
[2026-09-18T18:23:10.688Z] INCONSISTÊNCIA FINANCEIRA venda=10516 calculado=1630.00 ateTotal=1200.00
[2026-09-18T18:23:10.852Z] INCONSISTÊNCIA FINANCEIRA venda=10518 calculado=1022.00 ateTotal=800.00
[2026-09-18T18:23:10.933Z] INCONSISTÊNCIA FINANCEIRA venda=10519 calculado=520.00 ateTotal=400.00
[2026-09-18T18:23:11.099Z] INCONSISTÊNCIA FINANCEIRA venda=10521 calculado=830.00 ateTotal=500.00
[2026-09-18T18:23:11.266Z] INCONSISTÊNCIA FINANCEIRA venda=10523 calculado=1680.00 ateTotal=1200.00
[2026-09-18T18:23:11.351Z] INCONSISTÊNCIA FINANCEIRA venda=10524 calculado=1.30 ateTotal=1300.00
[2026-09-18T18:23:11.436Z] INCONSISTÊNCIA FINANCEIRA venda=10525 calculado=351.10 ateTotal=1400.00
[2026-09-18T18:23:11.768Z] INCONSISTÊNCIA FINANCEIRA venda=10529 calculado=840.00 ateTotal=680.00
[2026-09-18T18:23:11.855Z] INCONSISTÊNCIA FINANCEIRA venda=10530 calculado=860.00 ateTotal=800.00
[2026-09-18T18:23:11.939Z] INCONSISTÊNCIA FINANCEIRA venda=10531 calculado=930.00 ateTotal=900.00
[2026-09-18T18:23:12.025Z] INCONSISTÊNCIA FINANCEIRA venda=10532 calculado=850.00 ateTotal=650.00
[2026-09-18T18:23:12.110Z] INCONSISTÊNCIA FINANCEIRA venda=10533 calculado=280.00 ateTotal=120.00
[2026-09-18T18:23:12.193Z] INCONSISTÊNCIA FINANCEIRA venda=10534 calculado=-758.79 ateTotal=440.00
[2026-09-18T18:23:12.196Z] INCONSISTÊNCIA NOS ITENS venda=10534 calculado=-758.79 itemTotalGeral=440.01
[2026-09-18T18:23:12.303Z] INCONSISTÊNCIA FINANCEIRA venda=10535 calculado=400.00 ateTotal=350.00
[2026-09-18T18:23:12.386Z] INCONSISTÊNCIA FINANCEIRA venda=10536 calculado=350.00 ateTotal=280.00
[2026-09-18T18:23:12.470Z] INCONSISTÊNCIA FINANCEIRA venda=10537 calculado=1130.00 ateTotal=1000.00
[2026-09-18T18:23:12.551Z] INCONSISTÊNCIA FINANCEIRA venda=10538 calculado=990.00 ateTotal=800.00
[2026-09-18T18:23:12.632Z] INCONSISTÊNCIA FINANCEIRA venda=10539 calculado=1280.00 ateTotal=900.00
[2026-09-18T18:23:12.873Z] INCONSISTÊNCIA FINANCEIRA venda=10542 calculado=1080.00 ateTotal=1000.00
[2026-09-18T18:23:12.955Z] INCONSISTÊNCIA FINANCEIRA venda=10543 calculado=790.00 ateTotal=600.00
[2026-09-18T18:23:13.036Z] INCONSISTÊNCIA FINANCEIRA venda=10544 calculado=1280.00 ateTotal=900.00
[2026-09-18T18:23:13.120Z] INCONSISTÊNCIA FINANCEIRA venda=10545 calculado=1290.00 ateTotal=1000.00
[2026-09-18T18:23:13.204Z] INCONSISTÊNCIA FINANCEIRA venda=10546 calculado=640.00 ateTotal=500.00
[2026-09-18T18:23:13.370Z] INCONSISTÊNCIA FINANCEIRA venda=10548 calculado=990.00 ateTotal=800.00
[2026-09-18T18:23:13.454Z] INCONSISTÊNCIA FINANCEIRA venda=10549 calculado=700.00 ateTotal=640.00
[2026-09-18T18:23:13.544Z] INCONSISTÊNCIA FINANCEIRA venda=10552 calculado=860.00 ateTotal=500.00
[2026-09-18T18:23:13.626Z] INCONSISTÊNCIA FINANCEIRA venda=10553 calculado=760.00 ateTotal=500.00
[2026-09-18T18:23:13.710Z] INCONSISTÊNCIA FINANCEIRA venda=10554 calculado=822.00 ateTotal=680.00
[2026-09-18T18:23:13.793Z] INCONSISTÊNCIA FINANCEIRA venda=10555 calculado=520.00 ateTotal=380.00
[2026-09-18T18:23:13.877Z] INCONSISTÊNCIA FINANCEIRA venda=10556 calculado=431.10 ateTotal=1200.00
[2026-09-18T18:23:13.962Z] INCONSISTÊNCIA FINANCEIRA venda=10557 calculado=450.00 ateTotal=300.00
[2026-09-18T18:23:14.047Z] INCONSISTÊNCIA FINANCEIRA venda=10558 calculado=330.00 ateTotal=290.00
[2026-09-18T18:23:14.131Z] INCONSISTÊNCIA FINANCEIRA venda=10559 calculado=361.40 ateTotal=900.00
[2026-09-18T18:23:14.217Z] INCONSISTÊNCIA FINANCEIRA venda=10560 calculado=760.00 ateTotal=500.00
[2026-09-18T18:23:14.381Z] INCONSISTÊNCIA FINANCEIRA venda=10562 calculado=460.00 ateTotal=0.01
[2026-09-18T18:23:14.465Z] INCONSISTÊNCIA FINANCEIRA venda=10563 calculado=1010.00 ateTotal=800.00
[2026-09-18T18:23:14.547Z] INCONSISTÊNCIA FINANCEIRA venda=10564 calculado=730.00 ateTotal=600.00
[2026-09-18T18:23:14.632Z] INCONSISTÊNCIA FINANCEIRA venda=10565 calculado=1682.00 ateTotal=1650.00
[2026-09-18T18:23:14.715Z] INCONSISTÊNCIA FINANCEIRA venda=10566 calculado=800.00 ateTotal=600.00
[2026-09-18T18:23:14.799Z] INCONSISTÊNCIA FINANCEIRA venda=10567 calculado=910.00 ateTotal=900.00
[2026-09-18T18:23:14.881Z] INCONSISTÊNCIA FINANCEIRA venda=10568 calculado=1.25 ateTotal=1200.00
[2026-09-18T18:23:14.961Z] INCONSISTÊNCIA FINANCEIRA venda=10569 calculado=960.00 ateTotal=900.00
[2026-09-18T18:23:15.124Z] INCONSISTÊNCIA FINANCEIRA venda=10571 calculado=611.41 ateTotal=1980.00
[2026-09-18T18:23:15.208Z] INCONSISTÊNCIA FINANCEIRA venda=10572 calculado=990.00 ateTotal=900.00
[2026-09-18T18:23:15.292Z] INCONSISTÊNCIA FINANCEIRA venda=10573 calculado=910.00 ateTotal=820.00
[2026-09-18T18:23:15.375Z] INCONSISTÊNCIA FINANCEIRA venda=10574 calculado=380.00 ateTotal=250.00
[2026-09-18T18:23:15.459Z] INCONSISTÊNCIA FINANCEIRA venda=10575 calculado=391.10 ateTotal=1480.00
[2026-09-18T18:23:15.639Z] INCONSISTÊNCIA FINANCEIRA venda=10577 calculado=790.00 ateTotal=750.00
[2026-09-18T18:23:15.723Z] INCONSISTÊNCIA FINANCEIRA venda=10578 calculado=381.10 ateTotal=1350.00
[2026-09-18T18:23:15.807Z] INCONSISTÊNCIA FINANCEIRA venda=10579 calculado=373.20 ateTotal=1440.00
[2026-09-18T18:23:15.971Z] INCONSISTÊNCIA FINANCEIRA venda=10581 calculado=1280.00 ateTotal=1100.00
[2026-09-18T18:23:16.053Z] INCONSISTÊNCIA FINANCEIRA venda=10582 calculado=850.00 ateTotal=700.00
[2026-09-18T18:23:16.138Z] INCONSISTÊNCIA FINANCEIRA venda=10583 calculado=960.00 ateTotal=150.00
[2026-09-18T18:23:16.221Z] INCONSISTÊNCIA FINANCEIRA venda=10584 calculado=341.60 ateTotal=1560.00
[2026-09-18T18:23:16.304Z] INCONSISTÊNCIA FINANCEIRA venda=10585 calculado=341.20 ateTotal=1300.00
[2026-09-18T18:23:16.388Z] INCONSISTÊNCIA FINANCEIRA venda=10586 calculado=1030.00 ateTotal=1000.00
[2026-09-18T18:23:16.477Z] INCONSISTÊNCIA FINANCEIRA venda=10587 calculado=770.00 ateTotal=300.00
[2026-09-18T18:23:16.560Z] INCONSISTÊNCIA FINANCEIRA venda=10588 calculado=850.00 ateTotal=800.00
[2026-09-18T18:23:16.642Z] INCONSISTÊNCIA FINANCEIRA venda=10589 calculado=650.00 ateTotal=340.00
[2026-09-18T18:23:16.724Z] INCONSISTÊNCIA FINANCEIRA venda=10590 calculado=640.00 ateTotal=200.00
[2026-09-18T18:23:16.809Z] INCONSISTÊNCIA FINANCEIRA venda=10591 calculado=560.00 ateTotal=500.00
[2026-09-18T18:23:16.896Z] INCONSISTÊNCIA FINANCEIRA venda=10592 calculado=750.00 ateTotal=700.00
[2026-09-18T18:23:16.983Z] INCONSISTÊNCIA FINANCEIRA venda=10593 calculado=360.00 ateTotal=200.00
[2026-09-18T18:23:17.065Z] INCONSISTÊNCIA FINANCEIRA venda=10594 calculado=972.00 ateTotal=820.00
[2026-09-18T18:23:17.153Z] INCONSISTÊNCIA FINANCEIRA venda=10595 calculado=960.00 ateTotal=930.00
[2026-09-18T18:23:17.237Z] INCONSISTÊNCIA FINANCEIRA venda=10596 calculado=400.00 ateTotal=300.00
[2026-09-18T18:23:17.332Z] INCONSISTÊNCIA FINANCEIRA venda=10598 calculado=860.00 ateTotal=600.00
[2026-09-18T18:23:17.415Z] INCONSISTÊNCIA FINANCEIRA venda=10599 calculado=381.11 ateTotal=1152.00
[2026-09-18T18:23:17.497Z] INCONSISTÊNCIA FINANCEIRA venda=10600 calculado=760.00 ateTotal=540.00
[2026-09-18T18:23:17.581Z] INCONSISTÊNCIA FINANCEIRA venda=10601 calculado=430.00 ateTotal=420.00
[2026-09-18T18:23:17.664Z] INCONSISTÊNCIA FINANCEIRA venda=10602 calculado=890.00 ateTotal=650.00
[2026-09-18T18:23:17.751Z] INCONSISTÊNCIA FINANCEIRA venda=10603 calculado=570.00 ateTotal=500.00
[2026-09-18T18:23:17.836Z] INCONSISTÊNCIA FINANCEIRA venda=10604 calculado=1630.00 ateTotal=1610.00
[2026-09-18T18:23:17.921Z] INCONSISTÊNCIA FINANCEIRA venda=10605 calculado=1200.00 ateTotal=750.00
[2026-09-18T18:23:18.010Z] INCONSISTÊNCIA FINANCEIRA venda=10606 calculado=800.00 ateTotal=500.00
[2026-09-18T18:23:18.175Z] INCONSISTÊNCIA FINANCEIRA venda=10608 calculado=860.00 ateTotal=600.00
[2026-09-18T18:23:18.261Z] INCONSISTÊNCIA FINANCEIRA venda=10609 calculado=350.00 ateTotal=280.00
[2026-09-18T18:23:18.345Z] INCONSISTÊNCIA FINANCEIRA venda=10610 calculado=280.00 ateTotal=250.00
[2026-09-18T18:23:18.427Z] INCONSISTÊNCIA FINANCEIRA venda=10611 calculado=910.00 ateTotal=780.00
[2026-09-18T18:23:18.521Z] INCONSISTÊNCIA FINANCEIRA venda=10612 calculado=960.00 ateTotal=840.00
[2026-09-18T18:23:18.615Z] INCONSISTÊNCIA FINANCEIRA venda=10613 calculado=1320.00 ateTotal=1290.00
[2026-09-18T18:23:18.702Z] INCONSISTÊNCIA FINANCEIRA venda=10614 calculado=1210.00 ateTotal=1200.00
[2026-09-18T18:23:18.785Z] INCONSISTÊNCIA FINANCEIRA venda=10615 calculado=1030.00 ateTotal=600.00
[2026-09-18T18:23:18.868Z] INCONSISTÊNCIA FINANCEIRA venda=10616 calculado=1400.00 ateTotal=1380.00
[2026-09-18T18:23:18.950Z] INCONSISTÊNCIA FINANCEIRA venda=10617 calculado=372.00 ateTotal=285.00
[2026-09-18T18:23:19.096Z] INCONSISTÊNCIA FINANCEIRA venda=10618 calculado=1300.00 ateTotal=1100.00
[2026-09-18T18:23:19.181Z] INCONSISTÊNCIA FINANCEIRA venda=10619 calculado=450.00 ateTotal=220.00
[2026-09-18T18:23:19.264Z] INCONSISTÊNCIA FINANCEIRA venda=10620 calculado=620.00 ateTotal=570.00
[2026-09-18T18:23:19.348Z] INCONSISTÊNCIA FINANCEIRA venda=10621 calculado=360.00 ateTotal=300.00
[2026-09-18T18:23:19.430Z] INCONSISTÊNCIA FINANCEIRA venda=10622 calculado=360.00 ateTotal=150.00
[2026-09-18T18:23:19.524Z] INCONSISTÊNCIA FINANCEIRA venda=10624 calculado=1250.00 ateTotal=1200.00
[2026-09-18T18:23:19.606Z] INCONSISTÊNCIA FINANCEIRA venda=10625 calculado=720.00 ateTotal=505.00
[2026-09-18T18:23:19.688Z] INCONSISTÊNCIA FINANCEIRA venda=10626 calculado=930.00 ateTotal=900.00
[2026-09-18T18:23:19.771Z] INCONSISTÊNCIA FINANCEIRA venda=10627 calculado=910.00 ateTotal=550.00
[2026-09-18T18:23:19.867Z] INCONSISTÊNCIA FINANCEIRA venda=10628 calculado=500.00 ateTotal=220.00
[2026-09-18T18:23:19.953Z] INCONSISTÊNCIA FINANCEIRA venda=10629 calculado=890.00 ateTotal=840.00
[2026-09-18T18:23:20.114Z] INCONSISTÊNCIA FINANCEIRA venda=10631 calculado=970.00 ateTotal=500.00
[2026-09-18T18:23:20.276Z] INCONSISTÊNCIA FINANCEIRA venda=10633 calculado=900.00 ateTotal=800.00
[2026-09-18T18:23:20.441Z] INCONSISTÊNCIA FINANCEIRA venda=10635 calculado=350.00 ateTotal=340.00
[2026-09-18T18:23:20.524Z] INCONSISTÊNCIA FINANCEIRA venda=10636 calculado=940.00 ateTotal=650.00
[2026-09-18T18:23:20.608Z] INCONSISTÊNCIA FINANCEIRA venda=10637 calculado=1060.00 ateTotal=900.00
[2026-09-18T18:23:20.692Z] INCONSISTÊNCIA FINANCEIRA venda=10638 calculado=810.00 ateTotal=380.00
[2026-09-18T18:23:20.773Z] INCONSISTÊNCIA FINANCEIRA venda=10639 calculado=520.00 ateTotal=350.00
[2026-09-18T18:23:20.936Z] INCONSISTÊNCIA FINANCEIRA venda=10641 calculado=950.00 ateTotal=930.00
[2026-09-18T18:23:21.021Z] INCONSISTÊNCIA FINANCEIRA venda=10642 calculado=860.00 ateTotal=600.00
[2026-09-18T18:23:21.104Z] INCONSISTÊNCIA FINANCEIRA venda=10643 calculado=860.00 ateTotal=420.00
[2026-09-18T18:23:21.186Z] INCONSISTÊNCIA FINANCEIRA venda=10644 calculado=810.00 ateTotal=650.00
[2026-09-18T18:23:21.270Z] INCONSISTÊNCIA FINANCEIRA venda=10645 calculado=760.00 ateTotal=600.00
[2026-09-18T18:23:21.352Z] INCONSISTÊNCIA FINANCEIRA venda=10646 calculado=391.20 ateTotal=1590.00
[2026-09-18T18:23:21.458Z] INCONSISTÊNCIA FINANCEIRA venda=10647 calculado=1130.00 ateTotal=850.00
[2026-09-18T18:23:21.543Z] INCONSISTÊNCIA FINANCEIRA venda=10648 calculado=760.00 ateTotal=300.00
[2026-09-18T18:23:21.626Z] INCONSISTÊNCIA FINANCEIRA venda=10649 calculado=960.00 ateTotal=660.00
[2026-09-18T18:23:21.712Z] INCONSISTÊNCIA FINANCEIRA venda=10650 calculado=400.00 ateTotal=350.00
[2026-09-18T18:23:21.795Z] INCONSISTÊNCIA FINANCEIRA venda=10652 calculado=390.00 ateTotal=250.00
[2026-09-18T18:23:21.958Z] INCONSISTÊNCIA FINANCEIRA venda=10654 calculado=400.00 ateTotal=300.00
[2026-09-18T18:23:22.203Z] INCONSISTÊNCIA FINANCEIRA venda=10658 calculado=1080.00 ateTotal=1000.00
[2026-09-18T18:23:22.287Z] INCONSISTÊNCIA FINANCEIRA venda=10659 calculado=760.00 ateTotal=600.00
[2026-09-18T18:23:22.373Z] INCONSISTÊNCIA FINANCEIRA venda=10660 calculado=1040.00 ateTotal=900.00
[2026-09-18T18:23:22.458Z] INCONSISTÊNCIA FINANCEIRA venda=10661 calculado=850.00 ateTotal=600.00
[2026-09-18T18:23:22.544Z] INCONSISTÊNCIA FINANCEIRA venda=10662 calculado=980.00 ateTotal=555.00
[2026-09-18T18:23:22.627Z] INCONSISTÊNCIA FINANCEIRA venda=10663 calculado=890.00 ateTotal=840.00
[2026-09-18T18:23:22.711Z] INCONSISTÊNCIA FINANCEIRA venda=10664 calculado=500.00 ateTotal=400.00
[2026-09-18T18:23:22.794Z] INCONSISTÊNCIA FINANCEIRA venda=10665 calculado=860.00 ateTotal=800.00
[2026-09-18T18:23:22.876Z] INCONSISTÊNCIA FINANCEIRA venda=10666 calculado=450.00 ateTotal=200.00
[2026-09-18T18:23:22.960Z] INCONSISTÊNCIA FINANCEIRA venda=10667 calculado=760.00 ateTotal=440.00
[2026-09-18T18:23:23.041Z] INCONSISTÊNCIA FINANCEIRA venda=10668 calculado=900.00 ateTotal=700.00
[2026-09-18T18:23:23.136Z] INCONSISTÊNCIA FINANCEIRA venda=10669 calculado=400.01 ateTotal=200.00
[2026-09-18T18:23:23.220Z] INCONSISTÊNCIA FINANCEIRA venda=10670 calculado=1180.00 ateTotal=1170.00
[2026-09-18T18:23:23.309Z] INCONSISTÊNCIA FINANCEIRA venda=10671 calculado=1170.00 ateTotal=840.00
[2026-09-18T18:23:23.390Z] INCONSISTÊNCIA FINANCEIRA venda=10672 calculado=750.00 ateTotal=650.00
[2026-09-18T18:23:23.471Z] INCONSISTÊNCIA FINANCEIRA venda=10673 calculado=1.40 ateTotal=1300.00
[2026-09-18T18:23:23.631Z] INCONSISTÊNCIA FINANCEIRA venda=10675 calculado=610.00 ateTotal=400.00
[2026-09-18T18:23:23.713Z] INCONSISTÊNCIA FINANCEIRA venda=10676 calculado=301.10 ateTotal=1200.00
[2026-09-18T18:23:23.794Z] INCONSISTÊNCIA FINANCEIRA venda=10677 calculado=710.00 ateTotal=570.00
[2026-09-18T18:23:23.877Z] INCONSISTÊNCIA FINANCEIRA venda=10678 calculado=700.01 ateTotal=550.00
[2026-09-18T18:23:23.960Z] INCONSISTÊNCIA FINANCEIRA venda=10679 calculado=1200.00 ateTotal=800.00
[2026-09-18T18:23:24.042Z] INCONSISTÊNCIA FINANCEIRA venda=10680 calculado=870.00 ateTotal=600.00
[2026-09-18T18:23:24.447Z] INCONSISTÊNCIA FINANCEIRA venda=10685 calculado=810.00 ateTotal=500.00
[2026-09-18T18:23:24.528Z] INCONSISTÊNCIA FINANCEIRA venda=10686 calculado=650.00 ateTotal=600.00
[2026-09-18T18:23:24.692Z] INCONSISTÊNCIA FINANCEIRA venda=10688 calculado=610.00 ateTotal=590.00
[2026-09-18T18:23:24.865Z] INCONSISTÊNCIA FINANCEIRA venda=10690 calculado=800.00 ateTotal=600.00
[2026-09-18T18:23:24.948Z] INCONSISTÊNCIA FINANCEIRA venda=10691 calculado=730.00 ateTotal=600.00
[2026-09-18T18:23:25.032Z] INCONSISTÊNCIA FINANCEIRA venda=10692 calculado=760.00 ateTotal=510.00
[2026-09-18T18:23:25.194Z] INCONSISTÊNCIA FINANCEIRA venda=10694 calculado=1022.00 ateTotal=1000.00
[2026-09-18T18:23:25.277Z] INCONSISTÊNCIA FINANCEIRA venda=10695 calculado=720.00 ateTotal=450.00
[2026-09-18T18:23:25.360Z] INCONSISTÊNCIA FINANCEIRA venda=10696 calculado=450.00 ateTotal=240.00
[2026-09-18T18:23:25.442Z] INCONSISTÊNCIA FINANCEIRA venda=10697 calculado=2200.00 ateTotal=1764.00
[2026-09-18T18:23:25.553Z] INCONSISTÊNCIA FINANCEIRA venda=10698 calculado=313.03 ateTotal=1100.00
[2026-09-18T18:23:25.555Z] INCONSISTÊNCIA NOS ITENS venda=10698 calculado=313.03 itemTotalGeral=1330.01
[2026-09-18T18:23:25.638Z] INCONSISTÊNCIA FINANCEIRA venda=10699 calculado=450.01 ateTotal=320.00
[2026-09-18T18:23:25.803Z] INCONSISTÊNCIA FINANCEIRA venda=10701 calculado=940.00 ateTotal=720.00
[2026-09-18T18:23:25.888Z] INCONSISTÊNCIA FINANCEIRA venda=10702 calculado=830.01 ateTotal=350.00
[2026-09-18T18:23:25.971Z] INCONSISTÊNCIA FINANCEIRA venda=10703 calculado=800.00 ateTotal=580.00
[2026-09-18T18:23:26.054Z] INCONSISTÊNCIA FINANCEIRA venda=10704 calculado=840.00 ateTotal=770.00
[2026-09-18T18:23:26.139Z] INCONSISTÊNCIA FINANCEIRA venda=10705 calculado=500.00 ateTotal=420.00
[2026-09-18T18:23:26.224Z] INCONSISTÊNCIA FINANCEIRA venda=10706 calculado=1430.00 ateTotal=1200.00
[2026-09-18T18:23:26.391Z] INCONSISTÊNCIA FINANCEIRA venda=10708 calculado=710.00 ateTotal=680.00
[2026-09-18T18:23:26.639Z] INCONSISTÊNCIA FINANCEIRA venda=10711 calculado=760.00 ateTotal=500.00
[2026-09-18T18:23:26.803Z] INCONSISTÊNCIA FINANCEIRA venda=10713 calculado=150.00 ateTotal=120.00
[2026-09-18T18:23:26.887Z] INCONSISTÊNCIA FINANCEIRA venda=10714 calculado=810.00 ateTotal=300.00
[2026-09-18T18:23:26.971Z] INCONSISTÊNCIA FINANCEIRA venda=10715 calculado=850.00 ateTotal=600.00
[2026-09-18T18:23:27.055Z] INCONSISTÊNCIA FINANCEIRA venda=10716 calculado=780.00 ateTotal=0.01
[2026-09-18T18:23:27.140Z] INCONSISTÊNCIA FINANCEIRA venda=10717 calculado=1140.00 ateTotal=1116.00
[2026-09-18T18:23:27.223Z] INCONSISTÊNCIA FINANCEIRA venda=10718 calculado=870.00 ateTotal=580.00
[2026-09-18T18:23:27.469Z] INCONSISTÊNCIA FINANCEIRA venda=10722 calculado=850.00 ateTotal=600.00
[2026-09-18T18:23:27.552Z] INCONSISTÊNCIA FINANCEIRA venda=10723 calculado=950.00 ateTotal=930.00
[2026-09-18T18:23:27.636Z] INCONSISTÊNCIA FINANCEIRA venda=10724 calculado=710.00 ateTotal=500.00
[2026-09-18T18:23:27.722Z] INCONSISTÊNCIA FINANCEIRA venda=10725 calculado=900.00 ateTotal=700.00
[2026-09-18T18:23:27.805Z] INCONSISTÊNCIA FINANCEIRA venda=10726 calculado=860.00 ateTotal=690.00
[2026-09-18T18:23:27.890Z] INCONSISTÊNCIA FINANCEIRA venda=10727 calculado=1730.00 ateTotal=1350.00
[2026-09-18T18:23:27.975Z] INCONSISTÊNCIA FINANCEIRA venda=10728 calculado=670.00 ateTotal=450.00
[2026-09-18T18:23:28.139Z] INCONSISTÊNCIA FINANCEIRA venda=10730 calculado=950.00 ateTotal=500.00
[2026-09-18T18:23:28.223Z] INCONSISTÊNCIA FINANCEIRA venda=10731 calculado=675.00 ateTotal=550.00
[2026-09-18T18:23:28.389Z] INCONSISTÊNCIA FINANCEIRA venda=10733 calculado=1020.00 ateTotal=800.00
[2026-09-18T18:23:28.472Z] INCONSISTÊNCIA FINANCEIRA venda=10734 calculado=400.00 ateTotal=255.00
[2026-09-18T18:23:28.554Z] INCONSISTÊNCIA FINANCEIRA venda=10735 calculado=1.25 ateTotal=1200.00
[2026-09-18T18:23:28.638Z] INCONSISTÊNCIA FINANCEIRA venda=10736 calculado=351.10 ateTotal=1245.00
[2026-09-18T18:23:28.721Z] INCONSISTÊNCIA FINANCEIRA venda=10737 calculado=1375.00 ateTotal=1150.00
[2026-09-18T18:23:28.808Z] INCONSISTÊNCIA FINANCEIRA venda=10738 calculado=910.00 ateTotal=900.00
[2026-09-18T18:23:28.890Z] INCONSISTÊNCIA FINANCEIRA venda=10739 calculado=790.00 ateTotal=700.00
[2026-09-18T18:23:28.974Z] INCONSISTÊNCIA FINANCEIRA venda=10740 calculado=890.00 ateTotal=800.00
[2026-09-18T18:23:29.057Z] INCONSISTÊNCIA FINANCEIRA venda=10741 calculado=854.00 ateTotal=850.00
[2026-09-18T18:23:29.140Z] INCONSISTÊNCIA FINANCEIRA venda=10742 calculado=1850.00 ateTotal=1300.00
[2026-09-18T18:23:29.251Z] INCONSISTÊNCIA FINANCEIRA venda=10743 calculado=770.00 ateTotal=180.00
[2026-09-18T18:23:29.333Z] INCONSISTÊNCIA FINANCEIRA venda=10744 calculado=1030.00 ateTotal=750.00
[2026-09-18T18:23:29.420Z] INCONSISTÊNCIA FINANCEIRA venda=10745 calculado=1035.00 ateTotal=850.00
[2026-09-18T18:23:29.502Z] INCONSISTÊNCIA FINANCEIRA venda=10746 calculado=450.00 ateTotal=250.00
[2026-09-18T18:23:29.584Z] INCONSISTÊNCIA FINANCEIRA venda=10747 calculado=400.00 ateTotal=300.00
[2026-09-18T18:23:29.689Z] INCONSISTÊNCIA FINANCEIRA venda=10748 calculado=1065.00 ateTotal=930.00
[2026-09-18T18:23:29.933Z] INCONSISTÊNCIA FINANCEIRA venda=10751 calculado=710.00 ateTotal=700.00
[2026-09-18T18:23:30.015Z] INCONSISTÊNCIA FINANCEIRA venda=10752 calculado=860.00 ateTotal=600.00
[2026-09-18T18:23:30.098Z] INCONSISTÊNCIA FINANCEIRA venda=10753 calculado=860.00 ateTotal=800.00
[2026-09-18T18:23:30.183Z] INCONSISTÊNCIA FINANCEIRA venda=10754 calculado=393.20 ateTotal=3420.00
[2026-09-18T18:23:30.268Z] INCONSISTÊNCIA FINANCEIRA venda=10755 calculado=740.00 ateTotal=550.00
[2026-09-18T18:23:30.352Z] INCONSISTÊNCIA FINANCEIRA venda=10756 calculado=880.00 ateTotal=750.00
[2026-09-18T18:23:30.439Z] INCONSISTÊNCIA FINANCEIRA venda=10757 calculado=876.00 ateTotal=870.00
[2026-09-18T18:23:30.522Z] INCONSISTÊNCIA FINANCEIRA venda=10758 calculado=880.00 ateTotal=450.00
[2026-09-18T18:23:30.627Z] INCONSISTÊNCIA FINANCEIRA venda=10759 calculado=341.70 ateTotal=1827.00
[2026-09-18T18:23:30.883Z] INCONSISTÊNCIA FINANCEIRA venda=10762 calculado=500.00 ateTotal=400.00
[2026-09-18T18:23:30.966Z] INCONSISTÊNCIA FINANCEIRA venda=10763 calculado=351.82 ateTotal=2000.00
[2026-09-18T18:23:31.126Z] INCONSISTÊNCIA FINANCEIRA venda=10765 calculado=700.00 ateTotal=600.00
[2026-09-18T18:23:31.208Z] INCONSISTÊNCIA FINANCEIRA venda=10766 calculado=1234.00 ateTotal=0.01
[2026-09-18T18:23:31.450Z] INCONSISTÊNCIA FINANCEIRA venda=10769 calculado=710.00 ateTotal=700.00
[2026-09-18T18:23:31.532Z] INCONSISTÊNCIA FINANCEIRA venda=10770 calculado=710.00 ateTotal=675.00
[2026-09-18T18:23:31.615Z] INCONSISTÊNCIA FINANCEIRA venda=10771 calculado=940.00 ateTotal=900.00
[2026-09-18T18:23:31.718Z] INCONSISTÊNCIA FINANCEIRA venda=10772 calculado=1050.00 ateTotal=900.00
[2026-09-18T18:23:31.880Z] INCONSISTÊNCIA FINANCEIRA venda=10775 calculado=400.00 ateTotal=300.00
[2026-09-18T18:23:31.967Z] INCONSISTÊNCIA FINANCEIRA venda=10776 calculado=724.88 ateTotal=3500.00
[2026-09-18T18:23:32.051Z] INCONSISTÊNCIA FINANCEIRA venda=10777 calculado=680.00 ateTotal=600.00
[2026-09-18T18:23:32.142Z] INCONSISTÊNCIA FINANCEIRA venda=10778 calculado=1450.00 ateTotal=218.00
[2026-09-18T18:23:32.144Z] INCONSISTÊNCIA NOS ITENS venda=10778 calculado=1450.00 itemTotalGeral=1800.00
[2026-09-18T18:23:32.306Z] INCONSISTÊNCIA FINANCEIRA venda=10780 calculado=830.00 ateTotal=680.00
[2026-09-18T18:23:32.392Z] INCONSISTÊNCIA FINANCEIRA venda=10781 calculado=700.00 ateTotal=500.00
[2026-09-18T18:23:32.639Z] INCONSISTÊNCIA FINANCEIRA venda=10784 calculado=860.00 ateTotal=660.00
[2026-09-18T18:23:32.724Z] INCONSISTÊNCIA FINANCEIRA venda=10785 calculado=860.00 ateTotal=253.00
[2026-09-18T18:23:32.809Z] INCONSISTÊNCIA FINANCEIRA venda=10786 calculado=740.00 ateTotal=700.00
[2026-09-18T18:23:32.893Z] INCONSISTÊNCIA FINANCEIRA venda=10787 calculado=780.00 ateTotal=600.00
[2026-09-18T18:23:32.977Z] INCONSISTÊNCIA FINANCEIRA venda=10788 calculado=810.00 ateTotal=720.00
[2026-09-18T18:23:33.145Z] INCONSISTÊNCIA FINANCEIRA venda=10790 calculado=710.00 ateTotal=550.00
[2026-09-18T18:23:33.311Z] INCONSISTÊNCIA FINANCEIRA venda=10792 calculado=940.00 ateTotal=900.00
[2026-09-18T18:23:33.396Z] INCONSISTÊNCIA FINANCEIRA venda=10793 calculado=950.00 ateTotal=840.00
[2026-09-18T18:23:33.559Z] INCONSISTÊNCIA FINANCEIRA venda=10795 calculado=950.00 ateTotal=840.00
[2026-09-18T18:23:33.641Z] INCONSISTÊNCIA FINANCEIRA venda=10796 calculado=1200.00 ateTotal=950.00
[2026-09-18T18:23:33.804Z] INCONSISTÊNCIA FINANCEIRA venda=10798 calculado=760.00 ateTotal=550.00
[2026-09-18T18:23:33.889Z] INCONSISTÊNCIA FINANCEIRA venda=10799 calculado=350.00 ateTotal=250.00
[2026-09-18T18:23:33.974Z] INCONSISTÊNCIA FINANCEIRA venda=10800 calculado=590.00 ateTotal=450.00
[2026-09-18T18:23:34.057Z] INCONSISTÊNCIA FINANCEIRA venda=10801 calculado=300.00 ateTotal=200.00
[2026-09-18T18:23:34.204Z] INCONSISTÊNCIA FINANCEIRA venda=10802 calculado=1410.00 ateTotal=1400.00
[2026-09-18T18:23:34.300Z] INCONSISTÊNCIA FINANCEIRA venda=10803 calculado=764.00 ateTotal=690.00
[2026-09-18T18:23:34.383Z] INCONSISTÊNCIA FINANCEIRA venda=10804 calculado=1234.00 ateTotal=1150.00
[2026-09-18T18:23:34.469Z] INCONSISTÊNCIA FINANCEIRA venda=10805 calculado=600.00 ateTotal=550.00
[2026-09-18T18:23:34.636Z] INCONSISTÊNCIA FINANCEIRA venda=10807 calculado=550.00 ateTotal=439.00
[2026-09-18T18:23:34.800Z] INCONSISTÊNCIA FINANCEIRA venda=10809 calculado=750.00 ateTotal=550.00
[2026-09-18T18:23:34.884Z] INCONSISTÊNCIA FINANCEIRA venda=10810 calculado=600.00 ateTotal=400.00
[2026-09-18T18:23:34.970Z] INCONSISTÊNCIA FINANCEIRA venda=10811 calculado=950.00 ateTotal=810.00
[2026-09-18T18:23:35.053Z] INCONSISTÊNCIA FINANCEIRA venda=10812 calculado=950.00 ateTotal=810.00
[2026-09-18T18:23:35.137Z] INCONSISTÊNCIA FINANCEIRA venda=10813 calculado=590.00 ateTotal=552.00
[2026-09-18T18:23:35.304Z] INCONSISTÊNCIA FINANCEIRA venda=10815 calculado=650.00 ateTotal=500.00
[2026-09-18T18:23:35.387Z] INCONSISTÊNCIA FINANCEIRA venda=10816 calculado=990.00 ateTotal=900.00
[2026-09-18T18:23:35.470Z] INCONSISTÊNCIA FINANCEIRA venda=10817 calculado=1090.00 ateTotal=810.00
[2026-09-18T18:23:35.552Z] INCONSISTÊNCIA FINANCEIRA venda=10818 calculado=660.00 ateTotal=450.00
[2026-09-18T18:23:35.635Z] INCONSISTÊNCIA FINANCEIRA venda=10819 calculado=450.00 ateTotal=400.00
[2026-09-18T18:23:35.718Z] INCONSISTÊNCIA FINANCEIRA venda=10820 calculado=990.00 ateTotal=900.00
[2026-09-18T18:23:35.801Z] INCONSISTÊNCIA FINANCEIRA venda=10821 calculado=300.00 ateTotal=220.00
[2026-09-18T18:23:35.884Z] INCONSISTÊNCIA FINANCEIRA venda=10822 calculado=650.00 ateTotal=0.01
[2026-09-18T18:23:35.967Z] INCONSISTÊNCIA FINANCEIRA venda=10823 calculado=1350.00 ateTotal=1256.00
[2026-09-18T18:23:36.051Z] INCONSISTÊNCIA FINANCEIRA venda=10824 calculado=300.00 ateTotal=280.00
[2026-09-18T18:23:36.135Z] INCONSISTÊNCIA FINANCEIRA venda=10825 calculado=640.00 ateTotal=500.00
[2026-09-18T18:23:36.219Z] INCONSISTÊNCIA FINANCEIRA venda=10826 calculado=450.00 ateTotal=400.00
[2026-09-18T18:23:36.470Z] INCONSISTÊNCIA FINANCEIRA venda=10830 calculado=840.00 ateTotal=750.00
[2026-09-18T18:23:36.554Z] INCONSISTÊNCIA FINANCEIRA venda=10831 calculado=520.00 ateTotal=0.01
[2026-09-18T18:23:36.739Z] INCONSISTÊNCIA FINANCEIRA venda=10833 calculado=720.00 ateTotal=650.00
[2026-09-18T18:23:36.821Z] INCONSISTÊNCIA FINANCEIRA venda=10834 calculado=300.00 ateTotal=200.00
[2026-09-18T18:23:36.902Z] INCONSISTÊNCIA FINANCEIRA venda=10835 calculado=700.00 ateTotal=600.00
[2026-09-18T18:23:36.983Z] INCONSISTÊNCIA FINANCEIRA venda=10836 calculado=1290.00 ateTotal=1080.00
[2026-09-18T18:23:37.065Z] INCONSISTÊNCIA FINANCEIRA venda=10837 calculado=320.00 ateTotal=270.00
[2026-09-18T18:23:37.147Z] INCONSISTÊNCIA FINANCEIRA venda=10838 calculado=300.00 ateTotal=200.00
[2026-09-18T18:23:37.310Z] INCONSISTÊNCIA FINANCEIRA venda=10840 calculado=660.00 ateTotal=300.00
[2026-09-18T18:23:37.412Z] INCONSISTÊNCIA FINANCEIRA venda=10841 calculado=820.00 ateTotal=500.00
[2026-09-18T18:23:37.495Z] INCONSISTÊNCIA FINANCEIRA venda=10842 calculado=510.00 ateTotal=250.00
[2026-09-18T18:23:37.579Z] INCONSISTÊNCIA FINANCEIRA venda=10843 calculado=1220.00 ateTotal=950.00
[2026-09-18T18:23:37.687Z] INCONSISTÊNCIA FINANCEIRA venda=10844 calculado=300.00 ateTotal=150.00
[2026-09-18T18:23:37.772Z] INCONSISTÊNCIA FINANCEIRA venda=10845 calculado=760.00 ateTotal=660.00
[2026-09-18T18:23:37.857Z] INCONSISTÊNCIA FINANCEIRA venda=10846 calculado=331.70 ateTotal=1800.00
[2026-09-18T18:23:37.963Z] INCONSISTÊNCIA FINANCEIRA venda=10847 calculado=660.00 ateTotal=500.00
[2026-09-18T18:23:38.056Z] INCONSISTÊNCIA FINANCEIRA venda=10848 calculado=1210.00 ateTotal=1200.00
[2026-09-18T18:23:38.153Z] INCONSISTÊNCIA FINANCEIRA venda=10849 calculado=890.00 ateTotal=800.00
[2026-09-18T18:23:38.252Z] INCONSISTÊNCIA FINANCEIRA venda=10850 calculado=550.00 ateTotal=480.00
[2026-09-18T18:23:38.422Z] INCONSISTÊNCIA FINANCEIRA venda=10852 calculado=720.00 ateTotal=600.00
[2026-09-18T18:23:38.508Z] INCONSISTÊNCIA FINANCEIRA venda=10853 calculado=1510.00 ateTotal=1000.00
[2026-09-18T18:23:38.590Z] INCONSISTÊNCIA FINANCEIRA venda=10854 calculado=450.00 ateTotal=390.00
[2026-09-18T18:23:38.672Z] INCONSISTÊNCIA FINANCEIRA venda=10855 calculado=381.80 ateTotal=2000.00
[2026-09-18T18:23:38.835Z] INCONSISTÊNCIA FINANCEIRA venda=10857 calculado=391.10 ateTotal=1470.00
[2026-09-18T18:23:38.917Z] INCONSISTÊNCIA FINANCEIRA venda=10858 calculado=1360.00 ateTotal=1310.00
[2026-09-18T18:23:39.034Z] INCONSISTÊNCIA FINANCEIRA venda=10859 calculado=520.00 ateTotal=400.00
[2026-09-18T18:23:39.122Z] INCONSISTÊNCIA FINANCEIRA venda=10860 calculado=860.00 ateTotal=800.00
[2026-09-18T18:23:39.199Z] INCONSISTÊNCIA FINANCEIRA venda=10861 calculado=1015.00 ateTotal=900.00
[2026-09-18T18:23:39.278Z] INCONSISTÊNCIA FINANCEIRA venda=10862 calculado=360.00 ateTotal=200.00
[2026-09-18T18:23:39.359Z] INCONSISTÊNCIA FINANCEIRA venda=10863 calculado=300.00 ateTotal=250.00
[2026-09-18T18:23:39.428Z] INCONSISTÊNCIA FINANCEIRA venda=10864 calculado=690.00 ateTotal=500.00
[2026-09-18T18:23:39.498Z] INCONSISTÊNCIA FINANCEIRA venda=10865 calculado=830.00 ateTotal=720.00
[2026-09-18T18:23:39.566Z] INCONSISTÊNCIA FINANCEIRA venda=10866 calculado=620.00 ateTotal=200.00
[2026-09-18T18:23:39.633Z] INCONSISTÊNCIA FINANCEIRA venda=10867 calculado=1232.00 ateTotal=1200.00
[2026-09-18T18:23:39.720Z] INCONSISTÊNCIA FINANCEIRA venda=10868 calculado=500.00 ateTotal=400.00
[2026-09-18T18:23:39.788Z] INCONSISTÊNCIA FINANCEIRA venda=10869 calculado=1000.00 ateTotal=840.00
[2026-09-18T18:23:39.855Z] INCONSISTÊNCIA FINANCEIRA venda=10870 calculado=700.00 ateTotal=675.00
[2026-09-18T18:23:39.941Z] INCONSISTÊNCIA FINANCEIRA venda=10871 calculado=1310.00 ateTotal=1140.00
[2026-09-18T18:23:40.010Z] INCONSISTÊNCIA FINANCEIRA venda=10872 calculado=950.00 ateTotal=800.00
[2026-09-18T18:23:40.083Z] INCONSISTÊNCIA FINANCEIRA venda=10873 calculado=1214.00 ateTotal=1154.00
[2026-09-18T18:23:40.165Z] INCONSISTÊNCIA FINANCEIRA venda=10874 calculado=800.00 ateTotal=780.00
[2026-09-18T18:23:40.304Z] INCONSISTÊNCIA FINANCEIRA venda=10876 calculado=720.00 ateTotal=660.00
[2026-09-18T18:23:40.385Z] INCONSISTÊNCIA FINANCEIRA venda=10877 calculado=850.01 ateTotal=700.00
[2026-09-18T18:23:40.462Z] INCONSISTÊNCIA FINANCEIRA venda=10878 calculado=1035.00 ateTotal=950.00
[2026-09-18T18:23:40.530Z] INCONSISTÊNCIA FINANCEIRA venda=10879 calculado=1040.00 ateTotal=900.00
[2026-09-18T18:23:40.598Z] INCONSISTÊNCIA FINANCEIRA venda=10880 calculado=791.41 ateTotal=2000.00
[2026-09-18T18:23:40.670Z] INCONSISTÊNCIA FINANCEIRA venda=10881 calculado=854.00 ateTotal=800.00
[2026-09-18T18:23:40.741Z] INCONSISTÊNCIA FINANCEIRA venda=10882 calculado=950.00 ateTotal=750.00
[2026-09-18T18:23:40.810Z] INCONSISTÊNCIA FINANCEIRA venda=10883 calculado=360.00 ateTotal=200.00
[2026-09-18T18:23:40.951Z] INCONSISTÊNCIA FINANCEIRA venda=10885 calculado=360.00 ateTotal=350.00
[2026-09-18T18:23:41.026Z] INCONSISTÊNCIA FINANCEIRA venda=10886 calculado=1214.00 ateTotal=950.00
[2026-09-18T18:23:41.241Z] INCONSISTÊNCIA FINANCEIRA venda=10889 calculado=640.00 ateTotal=500.00
[2026-09-18T18:23:41.310Z] INCONSISTÊNCIA FINANCEIRA venda=10890 calculado=650.00 ateTotal=600.00
[2026-09-18T18:23:41.385Z] INCONSISTÊNCIA FINANCEIRA venda=10891 calculado=720.00 ateTotal=500.00
[2026-09-18T18:23:41.456Z] INCONSISTÊNCIA FINANCEIRA venda=10892 calculado=391.00 ateTotal=950.00
[2026-09-18T18:23:41.528Z] INCONSISTÊNCIA FINANCEIRA venda=10893 calculado=260.00 ateTotal=220.00
[2026-09-18T18:23:41.602Z] INCONSISTÊNCIA FINANCEIRA venda=10894 calculado=550.00 ateTotal=320.00
[2026-09-18T18:23:41.751Z] INCONSISTÊNCIA FINANCEIRA venda=10896 calculado=500.00 ateTotal=480.00
[2026-09-18T18:23:41.824Z] INCONSISTÊNCIA FINANCEIRA venda=10897 calculado=350.00 ateTotal=260.00
[2026-09-18T18:23:41.895Z] INCONSISTÊNCIA FINANCEIRA venda=10898 calculado=550.00 ateTotal=330.00
[2026-09-18T18:23:41.972Z] INCONSISTÊNCIA FINANCEIRA venda=10899 calculado=61.41 ateTotal=1300.00
[2026-09-18T18:23:42.044Z] INCONSISTÊNCIA FINANCEIRA venda=10900 calculado=341.27 ateTotal=1610.00
[2026-09-18T18:23:42.199Z] INCONSISTÊNCIA FINANCEIRA venda=10902 calculado=351.00 ateTotal=1200.00
[2026-09-18T18:23:42.270Z] INCONSISTÊNCIA FINANCEIRA venda=10903 calculado=970.00 ateTotal=700.00
[2026-09-18T18:23:42.340Z] INCONSISTÊNCIA FINANCEIRA venda=10904 calculado=300.00 ateTotal=180.00
[2026-09-18T18:23:42.415Z] INCONSISTÊNCIA FINANCEIRA venda=10905 calculado=980.00 ateTotal=700.00
[2026-09-18T18:23:42.487Z] INCONSISTÊNCIA FINANCEIRA venda=10906 calculado=260.00 ateTotal=250.00
[2026-09-18T18:23:42.555Z] INCONSISTÊNCIA FINANCEIRA venda=10907 calculado=1010.00 ateTotal=990.00
[2026-09-18T18:23:42.706Z] INCONSISTÊNCIA FINANCEIRA venda=10909 calculado=404.10 ateTotal=1930.00
[2026-09-18T18:23:42.778Z] INCONSISTÊNCIA FINANCEIRA venda=10910 calculado=1176.00 ateTotal=1000.00
[2026-09-18T18:23:42.856Z] INCONSISTÊNCIA FINANCEIRA venda=10911 calculado=750.00 ateTotal=725.00
[2026-09-18T18:23:43.003Z] INCONSISTÊNCIA FINANCEIRA venda=10913 calculado=860.00 ateTotal=600.00
[2026-09-18T18:23:43.144Z] INCONSISTÊNCIA FINANCEIRA venda=10915 calculado=860.00 ateTotal=600.00
[2026-09-18T18:23:43.220Z] INCONSISTÊNCIA FINANCEIRA venda=10916 calculado=1.51 ateTotal=1350.00
[2026-09-18T18:23:43.360Z] INCONSISTÊNCIA FINANCEIRA venda=10918 calculado=3.80 ateTotal=2700.00
[2026-09-18T18:23:43.497Z] INCONSISTÊNCIA FINANCEIRA venda=10921 calculado=200.00 ateTotal=80.00
[2026-09-18T18:23:43.599Z] INCONSISTÊNCIA FINANCEIRA venda=10922 calculado=1194.00 ateTotal=1050.00
[2026-09-18T18:23:43.667Z] INCONSISTÊNCIA FINANCEIRA venda=10923 calculado=720.00 ateTotal=360.00
[2026-09-18T18:23:43.810Z] INCONSISTÊNCIA FINANCEIRA venda=10925 calculado=840.00 ateTotal=700.00
[2026-09-18T18:23:43.881Z] INCONSISTÊNCIA FINANCEIRA venda=10926 calculado=820.00 ateTotal=750.00
[2026-09-18T18:23:44.028Z] INCONSISTÊNCIA FINANCEIRA venda=10928 calculado=970.00 ateTotal=960.00
[2026-09-18T18:23:44.103Z] INCONSISTÊNCIA FINANCEIRA venda=10929 calculado=890.00 ateTotal=800.00
[2026-09-18T18:23:44.188Z] INCONSISTÊNCIA FINANCEIRA venda=10930 calculado=1040.00 ateTotal=0.01
[2026-09-18T18:23:44.259Z] INCONSISTÊNCIA FINANCEIRA venda=10931 calculado=1210.00 ateTotal=900.00
[2026-09-18T18:23:44.327Z] INCONSISTÊNCIA FINANCEIRA venda=10932 calculado=341.86 ateTotal=1630.00
[2026-09-18T18:23:44.397Z] INCONSISTÊNCIA FINANCEIRA venda=10933 calculado=350.00 ateTotal=200.00
[2026-09-18T18:23:44.465Z] INCONSISTÊNCIA FINANCEIRA venda=10935 calculado=941.27 ateTotal=2190.00
[2026-09-18T18:23:44.533Z] INCONSISTÊNCIA FINANCEIRA venda=10936 calculado=1240.00 ateTotal=1110.00
[2026-09-18T18:23:44.670Z] INCONSISTÊNCIA FINANCEIRA venda=10938 calculado=450.00 ateTotal=300.00
[2026-09-18T18:23:44.808Z] INCONSISTÊNCIA FINANCEIRA venda=10940 calculado=300.00 ateTotal=250.00
[2026-09-18T18:23:44.874Z] INCONSISTÊNCIA FINANCEIRA venda=10941 calculado=341.51 ateTotal=1200.00
[2026-09-18T18:23:44.957Z] INCONSISTÊNCIA FINANCEIRA venda=10942 calculado=920.02 ateTotal=300.00
[2026-09-18T18:23:45.026Z] INCONSISTÊNCIA FINANCEIRA venda=10943 calculado=2076.00 ateTotal=1590.00
[2026-09-18T18:23:45.165Z] INCONSISTÊNCIA FINANCEIRA venda=10945 calculado=377.28 ateTotal=1300.00
[2026-09-18T18:23:45.468Z] INCONSISTÊNCIA FINANCEIRA venda=10949 calculado=1025.00 ateTotal=800.00
[2026-09-18T18:23:45.538Z] INCONSISTÊNCIA FINANCEIRA venda=10950 calculado=660.00 ateTotal=300.00
[2026-09-18T18:23:45.609Z] INCONSISTÊNCIA FINANCEIRA venda=10951 calculado=1590.00 ateTotal=950.00
[2026-09-18T18:23:45.680Z] INCONSISTÊNCIA FINANCEIRA venda=10952 calculado=740.00 ateTotal=540.00
[2026-09-18T18:23:45.819Z] INCONSISTÊNCIA FINANCEIRA venda=10954 calculado=1060.00 ateTotal=950.00
[2026-09-18T18:23:45.887Z] INCONSISTÊNCIA FINANCEIRA venda=10955 calculado=722.00 ateTotal=550.00
[2026-09-18T18:23:45.954Z] INCONSISTÊNCIA FINANCEIRA venda=10956 calculado=1460.00 ateTotal=1400.00
[2026-09-18T18:23:46.022Z] INCONSISTÊNCIA FINANCEIRA venda=10957 calculado=1050.00 ateTotal=800.00
[2026-09-18T18:23:46.095Z] INCONSISTÊNCIA FINANCEIRA venda=10960 calculado=341.50 ateTotal=1350.00
[2026-09-18T18:23:46.165Z] INCONSISTÊNCIA FINANCEIRA venda=10962 calculado=900.00 ateTotal=500.00
[2026-09-18T18:23:46.234Z] INCONSISTÊNCIA FINANCEIRA venda=10963 calculado=983.50 ateTotal=1660.00
[2026-09-18T18:23:46.308Z] INCONSISTÊNCIA FINANCEIRA venda=10964 calculado=750.00 ateTotal=600.00
[2026-09-18T18:23:46.382Z] INCONSISTÊNCIA FINANCEIRA venda=10965 calculado=860.00 ateTotal=700.00
[2026-09-18T18:23:46.529Z] INCONSISTÊNCIA FINANCEIRA venda=10967 calculado=700.00 ateTotal=680.00
[2026-09-18T18:23:46.611Z] INCONSISTÊNCIA FINANCEIRA venda=10969 calculado=321.50 ateTotal=1215.00
[2026-09-18T18:23:46.680Z] INCONSISTÊNCIA FINANCEIRA venda=10970 calculado=680.00 ateTotal=500.00
[2026-09-18T18:23:46.771Z] INCONSISTÊNCIA FINANCEIRA venda=10971 calculado=680.00 ateTotal=660.00
[2026-09-18T18:23:46.839Z] INCONSISTÊNCIA FINANCEIRA venda=10972 calculado=350.00 ateTotal=135.00
[2026-09-18T18:23:46.917Z] INCONSISTÊNCIA FINANCEIRA venda=10973 calculado=703.00 ateTotal=2000.00
[2026-09-18T18:23:46.996Z] INCONSISTÊNCIA FINANCEIRA venda=10974 calculado=341.50 ateTotal=680.00
[2026-09-18T18:23:47.066Z] INCONSISTÊNCIA FINANCEIRA venda=10975 calculado=1580.00 ateTotal=1575.00
[2026-09-18T18:23:47.138Z] INCONSISTÊNCIA FINANCEIRA venda=10976 calculado=860.01 ateTotal=300.00
[2026-09-18T18:23:47.214Z] INCONSISTÊNCIA FINANCEIRA venda=10977 calculado=1270.00 ateTotal=1260.00
[2026-09-18T18:23:47.283Z] INCONSISTÊNCIA FINANCEIRA venda=10978 calculado=390.00 ateTotal=280.00
[2026-09-18T18:23:47.351Z] INCONSISTÊNCIA FINANCEIRA venda=10979 calculado=250.00 ateTotal=120.00
[2026-09-18T18:23:47.435Z] INCONSISTÊNCIA FINANCEIRA venda=10980 calculado=650.00 ateTotal=450.00
[2026-09-18T18:23:47.502Z] INCONSISTÊNCIA FINANCEIRA venda=10981 calculado=1665.00 ateTotal=1400.00
[2026-09-18T18:23:47.571Z] INCONSISTÊNCIA FINANCEIRA venda=10983 calculado=1842.00 ateTotal=1500.00
[2026-09-18T18:23:47.639Z] INCONSISTÊNCIA FINANCEIRA venda=10984 calculado=341.20 ateTotal=1380.00
[2026-09-18T18:23:47.708Z] INCONSISTÊNCIA FINANCEIRA venda=10985 calculado=1470.00 ateTotal=1280.00
[2026-09-18T18:23:47.777Z] INCONSISTÊNCIA FINANCEIRA venda=10986 calculado=780.00 ateTotal=600.00
[2026-09-18T18:23:47.849Z] INCONSISTÊNCIA FINANCEIRA venda=10987 calculado=381.28 ateTotal=1260.00
[2026-09-18T18:23:47.916Z] INCONSISTÊNCIA FINANCEIRA venda=10988 calculado=770.00 ateTotal=750.00
[2026-09-18T18:23:47.990Z] INCONSISTÊNCIA FINANCEIRA venda=10989 calculado=690.00 ateTotal=550.00
[2026-09-18T18:23:48.058Z] INCONSISTÊNCIA FINANCEIRA venda=10990 calculado=1160.00 ateTotal=1120.00
[2026-09-18T18:23:48.132Z] INCONSISTÊNCIA FINANCEIRA venda=10991 calculado=700.00 ateTotal=600.00
[2026-09-18T18:23:48.202Z] INCONSISTÊNCIA FINANCEIRA venda=10992 calculado=730.00 ateTotal=700.00
[2026-09-18T18:23:48.271Z] INCONSISTÊNCIA FINANCEIRA venda=10993 calculado=1460.00 ateTotal=970.00
[2026-09-18T18:23:48.341Z] INCONSISTÊNCIA FINANCEIRA venda=10994 calculado=650.00 ateTotal=600.00
[2026-09-18T18:23:48.411Z] INCONSISTÊNCIA FINANCEIRA venda=10995 calculado=350.01 ateTotal=240.00
[2026-09-18T18:23:48.486Z] INCONSISTÊNCIA FINANCEIRA venda=10996 calculado=640.01 ateTotal=550.00
[2026-09-18T18:23:48.561Z] INCONSISTÊNCIA FINANCEIRA venda=10997 calculado=382.60 ateTotal=2350.00
[2026-09-18T18:23:48.633Z] INCONSISTÊNCIA FINANCEIRA venda=10998 calculado=352.10 ateTotal=1940.00
[2026-09-18T18:23:48.701Z] INCONSISTÊNCIA FINANCEIRA venda=10999 calculado=1090.00 ateTotal=1020.00
[2026-09-18T18:23:48.839Z] INCONSISTÊNCIA FINANCEIRA venda=11001 calculado=720.00 ateTotal=520.00
[2026-09-18T18:23:48.908Z] INCONSISTÊNCIA FINANCEIRA venda=11002 calculado=-1498.49 ateTotal=0.01
[2026-09-18T18:23:48.908Z] INCONSISTÊNCIA NOS ITENS venda=11002 calculado=-1498.49 itemTotalGeral=0.01
[2026-09-18T18:23:48.978Z] INCONSISTÊNCIA FINANCEIRA venda=11003 calculado=360.00 ateTotal=180.00
[2026-09-18T18:23:49.049Z] INCONSISTÊNCIA FINANCEIRA venda=11004 calculado=341.30 ateTotal=1450.00
[2026-09-18T18:23:49.119Z] INCONSISTÊNCIA FINANCEIRA venda=11005 calculado=850.00 ateTotal=750.00
[2026-09-18T18:23:49.187Z] INCONSISTÊNCIA FINANCEIRA venda=11006 calculado=1680.00 ateTotal=1200.00
[2026-09-18T18:23:49.335Z] INCONSISTÊNCIA FINANCEIRA venda=11007 calculado=1290.00 ateTotal=1280.00
[2026-09-18T18:23:49.401Z] INCONSISTÊNCIA FINANCEIRA venda=11008 calculado=600.00 ateTotal=500.00
[2026-09-18T18:23:49.469Z] INCONSISTÊNCIA FINANCEIRA venda=11009 calculado=660.00 ateTotal=430.00
[2026-09-18T18:23:49.540Z] INCONSISTÊNCIA FINANCEIRA venda=11010 calculado=1.20 ateTotal=1000.00
[2026-09-18T18:23:49.679Z] INCONSISTÊNCIA FINANCEIRA venda=11012 calculado=764.00 ateTotal=700.00
[2026-09-18T18:23:49.747Z] INCONSISTÊNCIA FINANCEIRA venda=11013 calculado=350.00 ateTotal=250.00
[2026-09-18T18:23:49.814Z] INCONSISTÊNCIA FINANCEIRA venda=11014 calculado=990.00 ateTotal=950.00
[2026-09-18T18:23:49.958Z] INCONSISTÊNCIA FINANCEIRA venda=11016 calculado=381.55 ateTotal=1900.00
[2026-09-18T18:23:50.029Z] INCONSISTÊNCIA FINANCEIRA venda=11017 calculado=550.00 ateTotal=425.00
[2026-09-18T18:23:50.097Z] INCONSISTÊNCIA FINANCEIRA venda=11018 calculado=680.00 ateTotal=240.00
[2026-09-18T18:23:50.166Z] INCONSISTÊNCIA FINANCEIRA venda=11019 calculado=1226.00 ateTotal=1110.00
[2026-09-18T18:23:50.240Z] INCONSISTÊNCIA FINANCEIRA venda=11020 calculado=350.00 ateTotal=280.00
[2026-09-18T18:23:50.307Z] INCONSISTÊNCIA FINANCEIRA venda=11021 calculado=360.00 ateTotal=220.00
[2026-09-18T18:23:50.375Z] INCONSISTÊNCIA FINANCEIRA venda=11022 calculado=1282.00 ateTotal=1200.00
[2026-09-18T18:23:50.450Z] INCONSISTÊNCIA FINANCEIRA venda=11024 calculado=320.00 ateTotal=290.00
[2026-09-18T18:23:50.519Z] INCONSISTÊNCIA FINANCEIRA venda=11025 calculado=920.00 ateTotal=750.00
[2026-09-18T18:23:50.586Z] INCONSISTÊNCIA FINANCEIRA venda=11026 calculado=770.00 ateTotal=400.00
[2026-09-18T18:23:50.656Z] INCONSISTÊNCIA FINANCEIRA venda=11027 calculado=500.00 ateTotal=370.00
[2026-09-18T18:23:50.727Z] INCONSISTÊNCIA FINANCEIRA venda=11028 calculado=650.00 ateTotal=430.00
[2026-09-18T18:23:50.795Z] INCONSISTÊNCIA FINANCEIRA venda=11029 calculado=650.00 ateTotal=400.00
[2026-09-18T18:23:50.864Z] INCONSISTÊNCIA FINANCEIRA venda=11030 calculado=420.00 ateTotal=250.00
[2026-09-18T18:23:50.935Z] INCONSISTÊNCIA FINANCEIRA venda=11031 calculado=250.01 ateTotal=180.00
[2026-09-18T18:23:51.001Z] INCONSISTÊNCIA FINANCEIRA venda=11032 calculado=1190.00 ateTotal=980.00
[2026-09-18T18:23:51.070Z] INCONSISTÊNCIA FINANCEIRA venda=11033 calculado=500.00 ateTotal=350.00
[2026-09-18T18:23:51.141Z] INCONSISTÊNCIA FINANCEIRA venda=11034 calculado=350.00 ateTotal=200.00
[2026-09-18T18:23:51.212Z] INCONSISTÊNCIA FINANCEIRA venda=11035 calculado=960.00 ateTotal=600.00
[2026-09-18T18:23:51.282Z] INCONSISTÊNCIA FINANCEIRA venda=11036 calculado=730.00 ateTotal=500.00
[2026-09-18T18:23:51.353Z] INCONSISTÊNCIA FINANCEIRA venda=11037 calculado=1302.00 ateTotal=1244.00
[2026-09-18T18:23:51.424Z] INCONSISTÊNCIA FINANCEIRA venda=11038 calculado=2270.00 ateTotal=2184.00
[2026-09-18T18:23:51.496Z] INCONSISTÊNCIA FINANCEIRA venda=11039 calculado=780.00 ateTotal=400.00
[2026-09-18T18:23:51.566Z] INCONSISTÊNCIA FINANCEIRA venda=11040 calculado=1020.00 ateTotal=400.00
[2026-09-18T18:23:51.634Z] INCONSISTÊNCIA FINANCEIRA venda=11041 calculado=520.00 ateTotal=395.00
[2026-09-18T18:23:51.705Z] INCONSISTÊNCIA FINANCEIRA venda=11042 calculado=2134.40 ateTotal=2400.00
[2026-09-18T18:23:51.774Z] INCONSISTÊNCIA FINANCEIRA venda=11043 calculado=400.00 ateTotal=390.00
[2026-09-18T18:23:51.844Z] INCONSISTÊNCIA FINANCEIRA venda=11044 calculado=630.00 ateTotal=300.00
[2026-09-18T18:23:51.915Z] INCONSISTÊNCIA FINANCEIRA venda=11046 calculado=400.00 ateTotal=250.00
[2026-09-18T18:23:51.987Z] INCONSISTÊNCIA FINANCEIRA venda=11047 calculado=560.00 ateTotal=270.00
[2026-09-18T18:23:52.056Z] INCONSISTÊNCIA FINANCEIRA venda=11048 calculado=1060.00 ateTotal=645.00
[2026-09-18T18:23:52.126Z] INCONSISTÊNCIA FINANCEIRA venda=11049 calculado=500.00 ateTotal=300.00
[2026-09-18T18:23:52.196Z] INCONSISTÊNCIA FINANCEIRA venda=11051 calculado=660.00 ateTotal=400.00
[2026-09-18T18:23:52.266Z] INCONSISTÊNCIA FINANCEIRA venda=11052 calculado=350.00 ateTotal=300.00
[2026-09-18T18:23:52.333Z] INCONSISTÊNCIA FINANCEIRA venda=11053 calculado=381.14 ateTotal=1500.00
[2026-09-18T18:23:52.403Z] INCONSISTÊNCIA FINANCEIRA venda=11054 calculado=880.00 ateTotal=750.00
[2026-09-18T18:23:52.473Z] INCONSISTÊNCIA FINANCEIRA venda=11055 calculado=830.00 ateTotal=800.00
[2026-09-18T18:23:52.544Z] INCONSISTÊNCIA FINANCEIRA venda=11056 calculado=373.50 ateTotal=1500.00
[2026-09-18T18:23:52.613Z] INCONSISTÊNCIA FINANCEIRA venda=11057 calculado=700.00 ateTotal=500.00
[2026-09-18T18:23:52.682Z] INCONSISTÊNCIA FINANCEIRA venda=11058 calculado=350.00 ateTotal=220.00
[2026-09-18T18:23:52.749Z] INCONSISTÊNCIA FINANCEIRA venda=11059 calculado=341.56 ateTotal=1400.00
[2026-09-18T18:23:52.815Z] INCONSISTÊNCIA FINANCEIRA venda=11060 calculado=500.00 ateTotal=380.00
[2026-09-18T18:23:52.883Z] INCONSISTÊNCIA FINANCEIRA venda=11061 calculado=1364.73 ateTotal=1170.00
[2026-09-18T18:23:52.952Z] INCONSISTÊNCIA FINANCEIRA venda=11062 calculado=972.00 ateTotal=700.00
[2026-09-18T18:23:53.025Z] INCONSISTÊNCIA FINANCEIRA venda=11063 calculado=720.00 ateTotal=600.00
[2026-09-18T18:23:53.100Z] INCONSISTÊNCIA FINANCEIRA venda=11064 calculado=740.00 ateTotal=380.00
[2026-09-18T18:23:53.174Z] INCONSISTÊNCIA FINANCEIRA venda=11065 calculado=300.00 ateTotal=200.00
[2026-09-18T18:23:53.243Z] INCONSISTÊNCIA FINANCEIRA venda=11066 calculado=500.00 ateTotal=350.00
[2026-09-18T18:23:53.313Z] INCONSISTÊNCIA FINANCEIRA venda=11067 calculado=300.01 ateTotal=250.00
[2026-09-18T18:23:53.387Z] INCONSISTÊNCIA FINANCEIRA venda=11068 calculado=1120.00 ateTotal=800.00
[2026-09-18T18:23:53.457Z] INCONSISTÊNCIA FINANCEIRA venda=11069 calculado=640.00 ateTotal=600.00
[2026-09-18T18:23:53.531Z] INCONSISTÊNCIA FINANCEIRA venda=11070 calculado=710.00 ateTotal=500.00
[2026-09-18T18:23:53.601Z] INCONSISTÊNCIA FINANCEIRA venda=11071 calculado=874.00 ateTotal=2130.00
[2026-09-18T18:23:53.668Z] INCONSISTÊNCIA FINANCEIRA venda=11072 calculado=740.00 ateTotal=500.00
[2026-09-18T18:23:53.737Z] INCONSISTÊNCIA FINANCEIRA venda=11073 calculado=1050.00 ateTotal=950.00
[2026-09-18T18:23:53.815Z] INCONSISTÊNCIA FINANCEIRA venda=11075 calculado=820.00 ateTotal=570.00
[2026-09-18T18:23:53.883Z] INCONSISTÊNCIA FINANCEIRA venda=11076 calculado=260.00 ateTotal=120.00
[2026-09-18T18:23:54.021Z] INCONSISTÊNCIA FINANCEIRA venda=11078 calculado=378.20 ateTotal=2350.00
[2026-09-18T18:23:54.088Z] INCONSISTÊNCIA FINANCEIRA venda=11079 calculado=560.00 ateTotal=350.00
[2026-09-18T18:23:54.155Z] INCONSISTÊNCIA FINANCEIRA venda=11080 calculado=381.66 ateTotal=1800.00
[2026-09-18T18:23:54.223Z] INCONSISTÊNCIA FINANCEIRA venda=11081 calculado=560.00 ateTotal=300.00
[2026-09-18T18:23:54.308Z] INCONSISTÊNCIA FINANCEIRA venda=11082 calculado=650.00 ateTotal=570.00
[2026-09-18T18:23:54.374Z] INCONSISTÊNCIA FINANCEIRA venda=11083 calculado=351.41 ateTotal=1620.00
[2026-09-18T18:23:54.444Z] INCONSISTÊNCIA FINANCEIRA venda=11084 calculado=1330.00 ateTotal=1100.00
[2026-09-18T18:23:54.515Z] INCONSISTÊNCIA FINANCEIRA venda=11085 calculado=300.00 ateTotal=250.00
[2026-09-18T18:23:54.584Z] INCONSISTÊNCIA FINANCEIRA venda=11086 calculado=1.80 ateTotal=1650.00
[2026-09-18T18:23:54.653Z] INCONSISTÊNCIA FINANCEIRA venda=11087 calculado=1140.00 ateTotal=950.00
[2026-09-18T18:23:54.722Z] INCONSISTÊNCIA FINANCEIRA venda=11088 calculado=361.42 ateTotal=1520.00
[2026-09-18T18:23:54.789Z] INCONSISTÊNCIA FINANCEIRA venda=11089 calculado=720.01 ateTotal=400.00
[2026-09-18T18:23:54.857Z] INCONSISTÊNCIA FINANCEIRA venda=11090 calculado=560.00 ateTotal=400.00
[2026-09-18T18:23:54.932Z] INCONSISTÊNCIA FINANCEIRA venda=11091 calculado=500.00 ateTotal=450.00
[2026-09-18T18:23:55.006Z] INCONSISTÊNCIA FINANCEIRA venda=11092 calculado=300.00 ateTotal=250.00
[2026-09-18T18:23:55.144Z] INCONSISTÊNCIA FINANCEIRA venda=11094 calculado=670.00 ateTotal=400.00
[2026-09-18T18:23:55.221Z] INCONSISTÊNCIA FINANCEIRA venda=11095 calculado=760.00 ateTotal=500.00
[2026-09-18T18:23:55.295Z] INCONSISTÊNCIA FINANCEIRA venda=11096 calculado=1172.00 ateTotal=1100.00
[2026-09-18T18:23:55.370Z] INCONSISTÊNCIA FINANCEIRA venda=11097 calculado=400.00 ateTotal=280.00
[2026-09-18T18:23:55.440Z] INCONSISTÊNCIA FINANCEIRA venda=11098 calculado=980.00 ateTotal=600.00
[2026-09-18T18:23:55.510Z] INCONSISTÊNCIA FINANCEIRA venda=11099 calculado=360.00 ateTotal=80.00
[2026-09-18T18:23:55.580Z] INCONSISTÊNCIA FINANCEIRA venda=11100 calculado=1110.00 ateTotal=850.00
[2026-09-18T18:23:55.661Z] INCONSISTÊNCIA FINANCEIRA venda=11101 calculado=960.00 ateTotal=700.00
[2026-09-18T18:23:55.733Z] INCONSISTÊNCIA FINANCEIRA venda=11102 calculado=270.00 ateTotal=100.00
[2026-09-18T18:23:55.817Z] INCONSISTÊNCIA FINANCEIRA venda=11103 calculado=690.00 ateTotal=600.00
[2026-09-18T18:23:55.885Z] INCONSISTÊNCIA FINANCEIRA venda=11104 calculado=620.00 ateTotal=400.00
[2026-09-18T18:23:55.952Z] INCONSISTÊNCIA FINANCEIRA venda=11105 calculado=320.00 ateTotal=250.00
[2026-09-18T18:23:56.020Z] INCONSISTÊNCIA FINANCEIRA venda=11106 calculado=350.00 ateTotal=100.00
[2026-09-18T18:23:56.089Z] INCONSISTÊNCIA FINANCEIRA venda=11107 calculado=700.00 ateTotal=400.00
[2026-09-18T18:23:56.156Z] INCONSISTÊNCIA FINANCEIRA venda=11108 calculado=1060.10 ateTotal=750.00
[2026-09-18T18:23:56.224Z] INCONSISTÊNCIA FINANCEIRA venda=11109 calculado=350.00 ateTotal=300.00
[2026-09-18T18:23:56.293Z] INCONSISTÊNCIA FINANCEIRA venda=11110 calculado=1070.00 ateTotal=1000.00
[2026-09-18T18:23:56.362Z] INCONSISTÊNCIA FINANCEIRA venda=11111 calculado=1240.00 ateTotal=1000.00
[2026-09-18T18:23:56.433Z] INCONSISTÊNCIA FINANCEIRA venda=11112 calculado=351.40 ateTotal=1350.00
[2026-09-18T18:23:56.506Z] INCONSISTÊNCIA FINANCEIRA venda=11114 calculado=361.47 ateTotal=1800.00
[2026-09-18T18:23:56.577Z] INCONSISTÊNCIA FINANCEIRA venda=11115 calculado=1274.00 ateTotal=1200.00
[2026-09-18T18:23:56.647Z] INCONSISTÊNCIA FINANCEIRA venda=11116 calculado=350.00 ateTotal=100.00
[2026-09-18T18:23:56.723Z] INCONSISTÊNCIA FINANCEIRA venda=11117 calculado=1.41 ateTotal=900.00
[2026-09-18T18:23:56.806Z] INCONSISTÊNCIA FINANCEIRA venda=11120 calculado=700.00 ateTotal=600.00
[2026-09-18T18:23:56.876Z] INCONSISTÊNCIA FINANCEIRA venda=11121 calculado=640.00 ateTotal=500.00
[2026-09-18T18:23:56.944Z] INCONSISTÊNCIA FINANCEIRA venda=11122 calculado=630.00 ateTotal=570.00
[2026-09-18T18:23:57.028Z] INCONSISTÊNCIA FINANCEIRA venda=11123 calculado=400.00 ateTotal=180.00
[2026-09-18T18:23:57.102Z] INCONSISTÊNCIA FINANCEIRA venda=11124 calculado=1026.00 ateTotal=750.00
[2026-09-18T18:23:57.174Z] INCONSISTÊNCIA FINANCEIRA venda=11125 calculado=560.00 ateTotal=350.00
[2026-09-18T18:23:57.254Z] INCONSISTÊNCIA FINANCEIRA venda=11126 calculado=710.00 ateTotal=650.00
[2026-09-18T18:23:57.321Z] INCONSISTÊNCIA FINANCEIRA venda=11127 calculado=750.00 ateTotal=400.00
[2026-09-18T18:23:57.390Z] INCONSISTÊNCIA FINANCEIRA venda=11128 calculado=360.00 ateTotal=180.00
[2026-09-18T18:23:57.471Z] INCONSISTÊNCIA FINANCEIRA venda=11129 calculado=400.00 ateTotal=200.00
[2026-09-18T18:23:57.616Z] INCONSISTÊNCIA FINANCEIRA venda=11131 calculado=760.00 ateTotal=500.00
[2026-09-18T18:23:57.693Z] INCONSISTÊNCIA FINANCEIRA venda=11132 calculado=650.00 ateTotal=450.00
[2026-09-18T18:23:57.765Z] INCONSISTÊNCIA FINANCEIRA venda=11133 calculado=972.00 ateTotal=720.00
[2026-09-18T18:23:57.845Z] INCONSISTÊNCIA FINANCEIRA venda=11134 calculado=1120.00 ateTotal=850.00
[2026-09-18T18:23:57.916Z] INCONSISTÊNCIA FINANCEIRA venda=11135 calculado=710.00 ateTotal=500.00
[2026-09-18T18:23:57.986Z] INCONSISTÊNCIA FINANCEIRA venda=11136 calculado=360.01 ateTotal=0.01
[2026-09-18T18:23:58.058Z] INCONSISTÊNCIA FINANCEIRA venda=11137 calculado=500.00 ateTotal=400.00
[2026-09-18T18:23:58.125Z] INCONSISTÊNCIA FINANCEIRA venda=11138 calculado=321.42 ateTotal=1200.00
[2026-09-18T18:23:58.194Z] INCONSISTÊNCIA FINANCEIRA venda=11139 calculado=700.00 ateTotal=600.00
[2026-09-18T18:23:58.400Z] INCONSISTÊNCIA FINANCEIRA venda=11142 calculado=740.00 ateTotal=700.00
[2026-09-18T18:23:58.539Z] INCONSISTÊNCIA FINANCEIRA venda=11144 calculado=860.00 ateTotal=800.00
[2026-09-18T18:23:58.608Z] INCONSISTÊNCIA FINANCEIRA venda=11145 calculado=760.00 ateTotal=350.00
[2026-09-18T18:23:58.815Z] INCONSISTÊNCIA FINANCEIRA venda=11148 calculado=740.00 ateTotal=700.00
[2026-09-18T18:23:58.887Z] INCONSISTÊNCIA FINANCEIRA venda=11149 calculado=1222.00 ateTotal=1000.00
[2026-09-18T18:23:58.956Z] INCONSISTÊNCIA FINANCEIRA venda=11150 calculado=840.00 ateTotal=720.00
[2026-09-18T18:23:59.024Z] INCONSISTÊNCIA FINANCEIRA venda=11151 calculado=710.00 ateTotal=600.00
[2026-09-18T18:23:59.095Z] INCONSISTÊNCIA FINANCEIRA venda=11152 calculado=350.00 ateTotal=300.00
[2026-09-18T18:23:59.303Z] INCONSISTÊNCIA FINANCEIRA venda=11157 calculado=1012.40 ateTotal=1380.00
[2026-09-18T18:23:59.375Z] INCONSISTÊNCIA FINANCEIRA venda=11158 calculado=950.00 ateTotal=700.00
[2026-09-18T18:23:59.443Z] INCONSISTÊNCIA FINANCEIRA venda=11159 calculado=710.00 ateTotal=500.00
[2026-09-18T18:23:59.510Z] INCONSISTÊNCIA FINANCEIRA venda=11160 calculado=1.80 ateTotal=1600.00
[2026-09-18T18:23:59.577Z] INCONSISTÊNCIA FINANCEIRA venda=11161 calculado=1.11 ateTotal=1100.00
[2026-09-18T18:23:59.650Z] INCONSISTÊNCIA FINANCEIRA venda=11162 calculado=1190.01 ateTotal=1100.00
[2026-09-18T18:23:59.792Z] INCONSISTÊNCIA FINANCEIRA venda=11164 calculado=840.00 ateTotal=800.00
[2026-09-18T18:23:59.860Z] INCONSISTÊNCIA FINANCEIRA venda=11165 calculado=940.00 ateTotal=670.00
[2026-09-18T18:23:59.931Z] INCONSISTÊNCIA FINANCEIRA venda=11166 calculado=820.00 ateTotal=300.00
[2026-09-18T18:24:00.023Z] INCONSISTÊNCIA FINANCEIRA venda=11167 calculado=373.20 ateTotal=1350.00
[2026-09-18T18:24:00.094Z] INCONSISTÊNCIA FINANCEIRA venda=11168 calculado=1204.00 ateTotal=1200.00
[2026-09-18T18:24:00.234Z] INCONSISTÊNCIA FINANCEIRA venda=11170 calculado=600.00 ateTotal=500.00
[2026-09-18T18:24:00.305Z] INCONSISTÊNCIA FINANCEIRA venda=11171 calculado=750.00 ateTotal=500.00
[2026-09-18T18:24:00.374Z] INCONSISTÊNCIA FINANCEIRA venda=11172 calculado=361.41 ateTotal=1260.00
[2026-09-18T18:24:00.528Z] INCONSISTÊNCIA FINANCEIRA venda=11174 calculado=350.00 ateTotal=300.00
[2026-09-18T18:24:00.598Z] INCONSISTÊNCIA FINANCEIRA venda=11175 calculado=750.00 ateTotal=680.00
[2026-09-18T18:24:00.679Z] INCONSISTÊNCIA FINANCEIRA venda=11176 calculado=351.65 ateTotal=2000.00
[2026-09-18T18:24:00.747Z] INCONSISTÊNCIA FINANCEIRA venda=11177 calculado=400.00 ateTotal=350.00
[2026-09-18T18:24:00.819Z] INCONSISTÊNCIA FINANCEIRA venda=11178 calculado=331.41 ateTotal=1400.00
[2026-09-18T18:24:01.027Z] INCONSISTÊNCIA FINANCEIRA venda=11181 calculado=1160.00 ateTotal=900.00
[2026-09-18T18:24:01.103Z] INCONSISTÊNCIA FINANCEIRA venda=11182 calculado=1.30 ateTotal=1150.00
[2026-09-18T18:24:01.248Z] INCONSISTÊNCIA FINANCEIRA venda=11184 calculado=250.00 ateTotal=200.00
[2026-09-18T18:24:01.320Z] INCONSISTÊNCIA FINANCEIRA venda=11185 calculado=780.00 ateTotal=705.00
[2026-09-18T18:24:01.470Z] INCONSISTÊNCIA FINANCEIRA venda=11187 calculado=800.00 ateTotal=600.00
[2026-09-18T18:24:01.539Z] INCONSISTÊNCIA FINANCEIRA venda=11188 calculado=850.00 ateTotal=600.00
[2026-09-18T18:24:01.691Z] INCONSISTÊNCIA FINANCEIRA venda=11192 calculado=1.00 ateTotal=850.00
[2026-09-18T18:24:01.763Z] INCONSISTÊNCIA FINANCEIRA venda=11193 calculado=321.80 ateTotal=2000.00
[2026-09-18T18:24:01.845Z] INCONSISTÊNCIA FINANCEIRA venda=11194 calculado=341.80 ateTotal=1900.00
[2026-09-18T18:24:01.994Z] INCONSISTÊNCIA FINANCEIRA venda=11196 calculado=740.00 ateTotal=670.00
[2026-09-18T18:24:02.064Z] INCONSISTÊNCIA FINANCEIRA venda=11197 calculado=740.00 ateTotal=700.00
[2026-09-18T18:24:02.153Z] INCONSISTÊNCIA FINANCEIRA venda=11198 calculado=770.00 ateTotal=450.00
[2026-09-18T18:24:02.246Z] INCONSISTÊNCIA FINANCEIRA venda=11199 calculado=700.00 ateTotal=370.00
[2026-09-18T18:24:02.523Z] INCONSISTÊNCIA FINANCEIRA venda=11203 calculado=300.00 ateTotal=200.00
[2026-09-18T18:24:02.595Z] INCONSISTÊNCIA FINANCEIRA venda=11204 calculado=341.20 ateTotal=1530.00
[2026-09-18T18:24:02.664Z] INCONSISTÊNCIA FINANCEIRA venda=11205 calculado=820.00 ateTotal=710.00
[2026-09-18T18:24:02.736Z] INCONSISTÊNCIA FINANCEIRA venda=11206 calculado=350.00 ateTotal=250.00
[2026-09-18T18:24:02.808Z] INCONSISTÊNCIA FINANCEIRA venda=11207 calculado=1161.60 ateTotal=2380.00
[2026-09-18T18:24:02.878Z] INCONSISTÊNCIA FINANCEIRA venda=11208 calculado=1010.00 ateTotal=700.00
